Archive member included because of file (symbol)

d:/altera/13.1/nios2eds/bin/gnu/h-i686-mingw32/bin/../lib/gcc/nios2-elf/4.7.3/../../../../../H-i686-mingw32/nios2-elf/lib\libc.a(lib_a-puts.o)
                              obj/default/hello_world.o (puts)
d:/altera/13.1/nios2eds/bin/gnu/h-i686-mingw32/bin/../lib/gcc/nios2-elf/4.7.3/../../../../../H-i686-mingw32/nios2-elf/lib\libc.a(lib_a-strlen.o)
                              d:/altera/13.1/nios2eds/bin/gnu/h-i686-mingw32/bin/../lib/gcc/nios2-elf/4.7.3/../../../../../H-i686-mingw32/nios2-elf/lib\libc.a(lib_a-puts.o) (strlen)
d:/altera/13.1/nios2eds/bin/gnu/h-i686-mingw32/bin/../lib/gcc/nios2-elf/4.7.3/../../../../../H-i686-mingw32/nios2-elf/lib\libc.a(lib_a-fvwrite.o)
                              d:/altera/13.1/nios2eds/bin/gnu/h-i686-mingw32/bin/../lib/gcc/nios2-elf/4.7.3/../../../../../H-i686-mingw32/nios2-elf/lib\libc.a(lib_a-puts.o) (__sfvwrite_r)
d:/altera/13.1/nios2eds/bin/gnu/h-i686-mingw32/bin/../lib/gcc/nios2-elf/4.7.3/../../../../../H-i686-mingw32/nios2-elf/lib\libc.a(lib_a-impure.o)
                              d:/altera/13.1/nios2eds/bin/gnu/h-i686-mingw32/bin/../lib/gcc/nios2-elf/4.7.3/../../../../../H-i686-mingw32/nios2-elf/lib\libc.a(lib_a-puts.o) (_impure_ptr)
d:/altera/13.1/nios2eds/bin/gnu/h-i686-mingw32/bin/../lib/gcc/nios2-elf/4.7.3/../../../../../H-i686-mingw32/nios2-elf/lib\libc.a(lib_a-mallocr.o)
                              d:/altera/13.1/nios2eds/bin/gnu/h-i686-mingw32/bin/../lib/gcc/nios2-elf/4.7.3/../../../../../H-i686-mingw32/nios2-elf/lib\libc.a(lib_a-fvwrite.o) (_malloc_r)
d:/altera/13.1/nios2eds/bin/gnu/h-i686-mingw32/bin/../lib/gcc/nios2-elf/4.7.3/../../../../../H-i686-mingw32/nios2-elf/lib\libc.a(lib_a-memchr.o)
                              d:/altera/13.1/nios2eds/bin/gnu/h-i686-mingw32/bin/../lib/gcc/nios2-elf/4.7.3/../../../../../H-i686-mingw32/nios2-elf/lib\libc.a(lib_a-fvwrite.o) (memchr)
d:/altera/13.1/nios2eds/bin/gnu/h-i686-mingw32/bin/../lib/gcc/nios2-elf/4.7.3/../../../../../H-i686-mingw32/nios2-elf/lib\libc.a(lib_a-memcpy.o)
                              d:/altera/13.1/nios2eds/bin/gnu/h-i686-mingw32/bin/../lib/gcc/nios2-elf/4.7.3/../../../../../H-i686-mingw32/nios2-elf/lib\libc.a(lib_a-fvwrite.o) (memcpy)
d:/altera/13.1/nios2eds/bin/gnu/h-i686-mingw32/bin/../lib/gcc/nios2-elf/4.7.3/../../../../../H-i686-mingw32/nios2-elf/lib\libc.a(lib_a-memmove.o)
                              d:/altera/13.1/nios2eds/bin/gnu/h-i686-mingw32/bin/../lib/gcc/nios2-elf/4.7.3/../../../../../H-i686-mingw32/nios2-elf/lib\libc.a(lib_a-fvwrite.o) (memmove)
d:/altera/13.1/nios2eds/bin/gnu/h-i686-mingw32/bin/../lib/gcc/nios2-elf/4.7.3/../../../../../H-i686-mingw32/nios2-elf/lib\libc.a(lib_a-reallocr.o)
                              d:/altera/13.1/nios2eds/bin/gnu/h-i686-mingw32/bin/../lib/gcc/nios2-elf/4.7.3/../../../../../H-i686-mingw32/nios2-elf/lib\libc.a(lib_a-fvwrite.o) (_realloc_r)
d:/altera/13.1/nios2eds/bin/gnu/h-i686-mingw32/bin/../lib/gcc/nios2-elf/4.7.3/../../../../../H-i686-mingw32/nios2-elf/lib\libc.a(lib_a-sbrkr.o)
                              d:/altera/13.1/nios2eds/bin/gnu/h-i686-mingw32/bin/../lib/gcc/nios2-elf/4.7.3/../../../../../H-i686-mingw32/nios2-elf/lib\libc.a(lib_a-mallocr.o) (_sbrk_r)
d:/altera/13.1/nios2eds/bin/gnu/h-i686-mingw32/bin/../lib/gcc/nios2-elf/4.7.3/../../../../../H-i686-mingw32/nios2-elf/lib\libc.a(lib_a-wsetup.o)
                              d:/altera/13.1/nios2eds/bin/gnu/h-i686-mingw32/bin/../lib/gcc/nios2-elf/4.7.3/../../../../../H-i686-mingw32/nios2-elf/lib\libc.a(lib_a-fvwrite.o) (__swsetup_r)
d:/altera/13.1/nios2eds/bin/gnu/h-i686-mingw32/bin/../lib/gcc/nios2-elf/4.7.3/../../../../../H-i686-mingw32/nios2-elf/lib\libc.a(lib_a-fflush.o)
                              d:/altera/13.1/nios2eds/bin/gnu/h-i686-mingw32/bin/../lib/gcc/nios2-elf/4.7.3/../../../../../H-i686-mingw32/nios2-elf/lib\libc.a(lib_a-fvwrite.o) (_fflush_r)
d:/altera/13.1/nios2eds/bin/gnu/h-i686-mingw32/bin/../lib/gcc/nios2-elf/4.7.3/../../../../../H-i686-mingw32/nios2-elf/lib\libc.a(lib_a-findfp.o)
                              d:/altera/13.1/nios2eds/bin/gnu/h-i686-mingw32/bin/../lib/gcc/nios2-elf/4.7.3/../../../../../H-i686-mingw32/nios2-elf/lib\libc.a(lib_a-wsetup.o) (__sinit)
d:/altera/13.1/nios2eds/bin/gnu/h-i686-mingw32/bin/../lib/gcc/nios2-elf/4.7.3/../../../../../H-i686-mingw32/nios2-elf/lib\libc.a(lib_a-freer.o)
                              d:/altera/13.1/nios2eds/bin/gnu/h-i686-mingw32/bin/../lib/gcc/nios2-elf/4.7.3/../../../../../H-i686-mingw32/nios2-elf/lib\libc.a(lib_a-fvwrite.o) (_free_r)
d:/altera/13.1/nios2eds/bin/gnu/h-i686-mingw32/bin/../lib/gcc/nios2-elf/4.7.3/../../../../../H-i686-mingw32/nios2-elf/lib\libc.a(lib_a-fwalk.o)
                              d:/altera/13.1/nios2eds/bin/gnu/h-i686-mingw32/bin/../lib/gcc/nios2-elf/4.7.3/../../../../../H-i686-mingw32/nios2-elf/lib\libc.a(lib_a-findfp.o) (_fwalk)
[...]
Memory Configuration

Name             Origin             Length             Attributes
reset            0x02000000         0x00000020
SDRAM            0x02000020         0x01ffffe0
*default*        0x00000000         0xffffffff

Linker script and memory map

LOAD ../FIR_bsp//obj/HAL/src/crt0.o
LOAD obj/default/hello_world.o
LOAD d:/altera/13.1/nios2eds/bin/gnu/h-i686-mingw32/bin/../lib/gcc/nios2-elf/4.7.3/../../../../../H-i686-mingw32/nios2-elf/lib\libstdc++.a
LOAD d:/altera/13.1/nios2eds/bin/gnu/h-i686-mingw32/bin/../lib/gcc/nios2-elf/4.7.3/../../../../../H-i686-mingw32/nios2-elf/lib\libm.a
LOAD d:/altera/13.1/nios2eds/bin/gnu/h-i686-mingw32/bin/../lib/gcc/nios2-elf/4.7.3\libgcc.a
START GROUP
LOAD d:/altera/13.1/nios2eds/bin/gnu/h-i686-mingw32/bin/../lib/gcc/nios2-elf/4.7.3/../../../../../H-i686-mingw32/nios2-elf/lib\libc.a
LOAD d:/altera/13.1/nios2eds/bin/gnu/h-i686-mingw32/bin/../lib/gcc/nios2-elf/4.7.3\libgcc.a
LOAD ../FIR_bsp/\libhal_bsp.a
END GROUP
LOAD d:/altera/13.1/nios2eds/bin/gnu/h-i686-mingw32/bin/../lib/gcc/nios2-elf/4.7.3\libgcc.a
                0x02000000                __alt_mem_SDRAM = 0x2000000

.entry          0x02000000       0x20
 *(.entry)
 .entry         0x02000000       0x20 ../FIR_bsp//obj/HAL/src/crt0.o
                0x02000000                __reset

.exceptions     0x02000020      0x198
                0x02000020                PROVIDE (__ram_exceptions_start, ABSOLUTE (.))
                0x02000020                . = ALIGN (0x20)
 *(.irq)
 *(.exceptions.entry.label)
 .exceptions.entry.label
                0x02000020        0x0 ../FIR_bsp/\libhal_bsp.a(alt_irq_entry.o)
                0x02000020                alt_irq_entry
 .exceptions.entry.label
                0x02000020        0x0 ../FIR_bsp/\libhal_bsp.a(alt_exception_entry.o)
                0x02000020                alt_exception
 *(.exceptions.entry.user)
 *(.exceptions.entry.ecc_fatal)
 *(.exceptions.entry)
 .exceptions.entry
                0x02000020       0x54 ../FIR_bsp/\libhal_bsp.a(alt_exception_entry.o)
 *(.exceptions.irqtest.user)
 *(.exceptions.irqtest)
 .exceptions.irqtest
                0x02000074       0x10 ../FIR_bsp/\libhal_bsp.a(alt_irq_entry.o)
 *(.exceptions.irqhandler.user)
 *(.exceptions.irqhandler)
 .exceptions.irqhandler
                0x02000084        0x4 ../FIR_bsp/\libhal_bsp.a(alt_irq_entry.o)
 *(.exceptions.irqreturn.user)
 *(.exceptions.irqreturn)
 .exceptions.irqreturn
                0x02000088        0x4 ../FIR_bsp/\libhal_bsp.a(alt_irq_entry.o)
 *(.exceptions.notirq.label)
 .exceptions.notirq.label
                0x0200008c        0x0 ../FIR_bsp/\libhal_bsp.a(alt_irq_entry.o)
 *(.exceptions.notirq.user)
 *(.exceptions.notirq)
 .exceptions.notirq
                0x0200008c        0x8 ../FIR_bsp/\libhal_bsp.a(alt_exception_entry.o)
 *(.exceptions.soft.user)
 *(.exceptions.soft)
 *(.exceptions.unknown.user)
 *(.exceptions.unknown)
 .exceptions.unknown
                0x02000094        0x4 ../FIR_bsp/\libhal_bsp.a(alt_exception_entry.o)
 *(.exceptions.exit.label)
 .exceptions.exit.label
                0x02000098        0x0 ../FIR_bsp/\libhal_bsp.a(alt_irq_entry.o)
 .exceptions.exit.label
                0x02000098        0x0 ../FIR_bsp/\libhal_bsp.a(alt_exception_entry.o)
 *(.exceptions.exit.user)
 *(.exceptions.exit)
 .exceptions.exit
                0x02000098       0x54 ../FIR_bsp/\libhal_bsp.a(alt_exception_entry.o)
 *(.exceptions)
 .exceptions    0x020000ec       0xcc ../FIR_bsp/\libhal_bsp.a(alt_irq_handler.o)
                0x020000ec                alt_irq_handler
                0x020001b8                PROVIDE (__ram_exceptions_end, ABSOLUTE (.))
                0x02000020                PROVIDE (__flash_exceptions_start, LOADADDR (.exceptions))

.text           0x020001b8     0x5ad8
                0x020001b8                PROVIDE (stext, ABSOLUTE (.))
 *(.interp)
 *(.hash)
 *(.dynsym)
 *(.dynstr)
 *(.gnu.version)
 *(.gnu.version_d)
 *(.gnu.version_r)
 *(.rel.init)
 *(.rela.init)
 *(.rel.text .rel.text.* .rel.gnu.linkonce.t.*)
 *(.rela.text .rela.text.* .rela.gnu.linkonce.t.*)
 *(.rel.fini)
 *(.rela.fini)
 *(.rel.rodata .rel.rodata.* .rel.gnu.linkonce.r.*)
 *(.rela.rodata .rela.rodata.* .rela.gnu.linkonce.r.*)
 *(.rel.data .rel.data.* .rel.gnu.linkonce.d.*)
 *(.rela.data .rela.data.* .rela.gnu.linkonce.d.*)
 *(.rel.tdata .rel.tdata.* .rel.gnu.linkonce.td.*)
 *(.rela.tdata .rela.tdata.* .rela.gnu.linkonce.td.*)
 *(.rel.tbss .rel.tbss.* .rel.gnu.linkonce.tb.*)
 *(.rela.tbss .rela.tbss.* .rela.gnu.linkonce.tb.*)
 *(.rel.ctors)
 *(.rela.ctors)
 *(.rel.dtors)
 *(.rela.dtors)
 *(.rel.got)
 *(.rela.got)
 *(.rel.sdata .rel.sdata.* .rel.gnu.linkonce.s.*)
 *(.rela.sdata .rela.sdata.* .rela.gnu.linkonce.s.*)
 *(.rel.sbss .rel.sbss.* .rel.gnu.linkonce.sb.*)
 *(.rela.sbss .rela.sbss.* .rela.gnu.linkonce.sb.*)
 *(.rel.sdata2 .rel.sdata2.* .rel.gnu.linkonce.s2.*)
 *(.rela.sdata2 .rela.sdata2.* .rela.gnu.linkonce.s2.*)
 *(.rel.sbss2 .rel.sbss2.* .rel.gnu.linkonce.sb2.*)
 *(.rela.sbss2 .rela.sbss2.* .rela.gnu.linkonce.sb2.*)
 *(.rel.bss .rel.bss.* .rel.gnu.linkonce.b.*)
 *(.rela.bss .rela.bss.* .rela.gnu.linkonce.b.*)
 *(.rel.plt)
 *(.rela.plt)
 *(.rel.dyn)
 *(.init)
 *(.plt)
 *(.text .stub .text.* .gnu.linkonce.t.*)
 .text          0x020001b8       0x4c ../FIR_bsp//obj/HAL/src/crt0.o
                0x020001b8                _start
 .text          0x02000204       0x34 obj/default/hello_world.o
                0x02000204                main
 .text          0x02000238       0x98 d:/altera/13.1/nios2eds/bin/gnu/h-i686-mingw32/bin/../lib/gcc/nios2-elf/4.7.3/../../../../../H-i686-mingw32/nios2-elf/lib\libc.a(lib_a-puts.o)
                0x02000238                _puts_r
                0x020002bc                puts
 .text          0x020002d0       0x8c d:/altera/13.1/nios2eds/bin/gnu/h-i686-mingw32/bin/../lib/gcc/nios2-elf/4.7.3/../../../../../H-i686-mingw32/nios2-elf/lib\libc.a(lib_a-strlen.o)
                0x020002d0                strlen
 .text          0x0200035c      0x4e4 d:/altera/13.1/nios2eds/bin/gnu/h-i686-mingw32/bin/../lib/gcc/nios2-elf/4.7.3/../../../../../H-i686-mingw32/nios2-elf/lib\libc.a(lib_a-fvwrite.o)
                0x0200035c                __sfvwrite_r
 .text          0x02000840        0x0 d:/altera/13.1/nios2eds/bin/gnu/h-i686-mingw32/bin/../lib/gcc/nios2-elf/4.7.3/../../../../../H-i686-mingw32/nios2-elf/lib\libc.a(lib_a-impure.o)
 .text          0x02000840      0x784 d:/altera/13.1/nios2eds/bin/gnu/h-i686-mingw32/bin/../lib/gcc/nios2-elf/4.7.3/../../../../../H-i686-mingw32/nios2-elf/lib\libc.a(lib_a-mallocr.o)
                0x02000840                _malloc_r
 .text          0x02000fc4       0xf8 d:/altera/13.1/nios2eds/bin/gnu/h-i686-mingw32/bin/../lib/gcc/nios2-elf/4.7.3/../../../../../H-i686-mingw32/nios2-elf/lib\libc.a(lib_a-memchr.o)
                0x02000fc4                memchr
 .text          0x020010bc       0xf8 d:/altera/13.1/nios2eds/bin/gnu/h-i686-mingw32/bin/../lib/gcc/nios2-elf/4.7.3/../../../../../H-i686-mingw32/nios2-elf/lib\libc.a(lib_a-memcpy.o)
                0x020010bc                memcpy
 .text          0x020011b4      0x128 d:/altera/13.1/nios2eds/bin/gnu/h-i686-mingw32/bin/../lib/gcc/nios2-elf/4.7.3/../../../../../H-i686-mingw32/nios2-elf/lib\libc.a(lib_a-memmove.o)
                0x020011b4                memmove
 .text          0x020012dc      0x5fc d:/altera/13.1/nios2eds/bin/gnu/h-i686-mingw32/bin/../lib/gcc/nios2-elf/4.7.3/../../../../../H-i686-mingw32/nios2-elf/lib\libc.a(lib_a-reallocr.o)
                0x020012dc                _realloc_r
 .text          0x020018d8       0x64 d:/altera/13.1/nios2eds/bin/gnu/h-i686-mingw32/bin/../lib/gcc/nios2-elf/4.7.3/../../../../../H-i686-mingw32/nios2-elf/lib\libc.a(lib_a-sbrkr.o)
                0x020018d8                _sbrk_r
 .text          0x0200193c      0x174 d:/altera/13.1/nios2eds/bin/gnu/h-i686-mingw32/bin/../lib/gcc/nios2-elf/4.7.3/../../../../../H-i686-mingw32/nios2-elf/lib\libc.a(lib_a-wsetup.o)
                0x0200193c                __swsetup_r
 .text          0x02001ab0      0x218 d:/altera/13.1/nios2eds/bin/gnu/h-i686-mingw32/bin/../lib/gcc/nios2-elf/4.7.3/../../../../../H-i686-mingw32/nios2-elf/lib\libc.a(lib_a-fflush.o)
                0x02001ab0                _fflush_r
                0x02001c98                fflush
 .text          0x02001cc8      0x2d8 d:/altera/13.1/nios2eds/bin/gnu/h-i686-mingw32/bin/../lib/gcc/nios2-elf/4.7.3/../../../../../H-i686-mingw32/nios2-elf/lib\libc.a(lib_a-findfp.o)
                0x02001cd8                _cleanup_r
                0x02001ce4                __sfmoreglue
                0x02001d48                _cleanup
                0x02001d58                __sinit
                0x02001e64                __sfp
                0x02001f60                __sfp_lock_acquire
                0x02001f64                __sfp_lock_release
                0x02001f68                __sinit_lock_acquire
                0x02001f6c                __sinit_lock_release
                0x02001f70                __fp_lock_all
                0x02001f88                __fp_unlock_all
 .text          0x02001fa0      0x40c d:/altera/13.1/nios2eds/bin/gnu/h-i686-mingw32/bin/../lib/gcc/nios2-elf/4.7.3/../../../../../H-i686-mingw32/nios2-elf/lib\libc.a(lib_a-freer.o)
                0x02001fa0                _malloc_trim_r
                0x020020dc                _free_r
 .text          0x020023ac      0x160 d:/altera/13.1/nios2eds/bin/gnu/h-i686-mingw32/bin/../lib/gcc/nios2-elf/4.7.3/../../../../../H-i686-mingw32/nios2-elf/lib\libc.a(lib_a-fwalk.o)
                0x020023ac                _fwalk
                0x02002454                _fwalk_reent
 .text          0x0200250c        0x0 d:/altera/13.1/nios2eds/bin/gnu/h-i686-mingw32/bin/../lib/gcc/nios2-elf/4.7.3/../../../../../H-i686-mingw32/nios2-elf/lib\libc.a(lib_a-int_errno.o)
 .text          0x0200250c      0x1a8 d:/altera/13.1/nios2eds/bin/gnu/h-i686-mingw32/bin/../lib/gcc/nios2-elf/4.7.3/../../../../../H-i686-mingw32/nios2-elf/lib\libc.a(lib_a-makebuf.o)
                0x0200250c                __smakebuf_r
 .text          0x020026b4       0xdc d:/altera/13.1/nios2eds/bin/gnu/h-i686-mingw32/bin/../lib/gcc/nios2-elf/4.7.3/../../../../../H-i686-mingw32/nios2-elf/lib\libc.a(lib_a-memset.o)
                0x020026b4                memset
 .text          0x02002790      0x140 d:/altera/13.1/nios2eds/bin/gnu/h-i686-mingw32/bin/../lib/gcc/nios2-elf/4.7.3/../../../../../H-i686-mingw32/nios2-elf/lib\libc.a(lib_a-stdio.o)
                0x02002790                __sread
                0x020027e4                __swrite
                0x0200286c                __sseek
                0x020028c8                __sclose
 .text          0x020028d0       0x6c d:/altera/13.1/nios2eds/bin/gnu/h-i686-mingw32/bin/../lib/gcc/nios2-elf/4.7.3/../../../../../H-i686-mingw32/nios2-elf/lib\libc.a(lib_a-writer.o)
                0x020028d0                _write_r
 .text          0x0200293c       0x64 d:/altera/13.1/nios2eds/bin/gnu/h-i686-mingw32/bin/../lib/gcc/nios2-elf/4.7.3/../../../../../H-i686-mingw32/nios2-elf/lib\libc.a(lib_a-closer.o)
                0x0200293c                _close_r
 .text          0x020029a0      0x150 d:/altera/13.1/nios2eds/bin/gnu/h-i686-mingw32/bin/../lib/gcc/nios2-elf/4.7.3/../../../../../H-i686-mingw32/nios2-elf/lib\libc.a(lib_a-fclose.o)
                0x020029a0                _fclose_r
                0x02002adc                fclose
 .text          0x02002af0       0x68 d:/altera/13.1/nios2eds/bin/gnu/h-i686-mingw32/bin/../lib/gcc/nios2-elf/4.7.3/../../../../../H-i686-mingw32/nios2-elf/lib\libc.a(lib_a-fstatr.o)
                0x02002af0                _fstat_r
 .text          0x02002b58       0x64 d:/altera/13.1/nios2eds/bin/gnu/h-i686-mingw32/bin/../lib/gcc/nios2-elf/4.7.3/../../../../../H-i686-mingw32/nios2-elf/lib\libc.a(lib_a-isattyr.o)
                0x02002b58                _isatty_r
 .text          0x02002bbc       0x6c d:/altera/13.1/nios2eds/bin/gnu/h-i686-mingw32/bin/../lib/gcc/nios2-elf/4.7.3/../../../../../H-i686-mingw32/nios2-elf/lib\libc.a(lib_a-lseekr.o)
                0x02002bbc                _lseek_r
 .text          0x02002c28       0x6c d:/altera/13.1/nios2eds/bin/gnu/h-i686-mingw32/bin/../lib/gcc/nios2-elf/4.7.3/../../../../../H-i686-mingw32/nios2-elf/lib\libc.a(lib_a-readr.o)
                0x02002c28                _read_r
 .text          0x02002c94      0x118 ../FIR_bsp/\libhal_bsp.a(alt_close.o)
                0x02002ce4                close
 .text          0x02002dac       0x2c ../FIR_bsp/\libhal_bsp.a(alt_dev.o)
 .text          0x02002dd8        0x0 ../FIR_bsp/\libhal_bsp.a(alt_errno.o)
 .text          0x02002dd8       0xfc ../FIR_bsp/\libhal_bsp.a(alt_fstat.o)
                0x02002e28                fstat
 .text          0x02002ed4       0xf0 ../FIR_bsp/\libhal_bsp.a(alt_isatty.o)
                0x02002f24                isatty
 .text          0x02002fc4       0xec ../FIR_bsp/\libhal_bsp.a(alt_load.o)
                0x02003030                alt_load
 .text          0x020030b0      0x120 ../FIR_bsp/\libhal_bsp.a(alt_lseek.o)
                0x02003100                lseek
 .text          0x020031d0       0x78 ../FIR_bsp/\libhal_bsp.a(alt_main.o)
                0x020031d0                alt_main
 .text          0x02003248       0x40 ../FIR_bsp/\libhal_bsp.a(alt_malloc_lock.o)
                0x02003248                __malloc_lock
                0x02003268                __malloc_unlock
 .text          0x02003288      0x140 ../FIR_bsp/\libhal_bsp.a(alt_read.o)
                0x020032d8                read
 .text          0x020033c8       0x60 ../FIR_bsp/\libhal_bsp.a(alt_release_fd.o)
                0x020033c8                alt_release_fd
 .text          0x02003428       0xb0 ../FIR_bsp/\libhal_bsp.a(alt_sbrk.o)
                0x02003428                sbrk
 .text          0x020034d8      0x13c ../FIR_bsp/\libhal_bsp.a(alt_write.o)
                0x02003528                write
 .text          0x02003614       0xd4 ../FIR_bsp/\libhal_bsp.a(alt_sys_init.o)
                0x0200364c                alt_irq_init
                0x02003680                alt_sys_init
 .text          0x020036e8      0x164 ../FIR_bsp/\libhal_bsp.a(altera_avalon_jtag_uart_fd.o)
                0x020036e8                altera_avalon_jtag_uart_read_fd
                0x02003748                altera_avalon_jtag_uart_write_fd
                0x020037a8                altera_avalon_jtag_uart_close_fd
                0x020037f8                altera_avalon_jtag_uart_ioctl_fd
 .text          0x0200384c      0x3d0 ../FIR_bsp/\libhal_bsp.a(altera_avalon_jtag_uart_init.o)
                0x0200384c                altera_avalon_jtag_uart_init
                0x02003bb4                altera_avalon_jtag_uart_close
 .text          0x02003c1c       0xf4 ../FIR_bsp/\libhal_bsp.a(altera_avalon_jtag_uart_ioctl.o)
                0x02003c1c                altera_avalon_jtag_uart_ioctl
 .text          0x02003d10      0x218 ../FIR_bsp/\libhal_bsp.a(altera_avalon_jtag_uart_read.o)
                0x02003d10                altera_avalon_jtag_uart_read
 .text          0x02003f28      0x224 ../FIR_bsp/\libhal_bsp.a(altera_avalon_jtag_uart_write.o)
                0x02003f28                altera_avalon_jtag_uart_write
 .text          0x0200414c      0x110 ../FIR_bsp/\libhal_bsp.a(altera_avalon_uart_fd.o)
                0x0200414c                altera_avalon_uart_read_fd
                0x020041ac                altera_avalon_uart_write_fd
                0x0200420c                altera_avalon_uart_close_fd
 .text          0x0200425c      0x3a8 ../FIR_bsp/\libhal_bsp.a(altera_avalon_uart_init.o)
                0x0200425c                altera_avalon_uart_init
                0x020045b0                altera_avalon_uart_close
 .text          0x02004604      0x254 ../FIR_bsp/\libhal_bsp.a(altera_avalon_uart_read.o)
                0x02004654                altera_avalon_uart_read
 .text          0x02004858      0x1f8 ../FIR_bsp/\libhal_bsp.a(altera_avalon_uart_write.o)
                0x020048a8                altera_avalon_uart_write
 .text          0x02004a50      0x140 ../FIR_bsp/\libhal_bsp.a(alt_alarm_start.o)
                0x02004a50                alt_alarm_start
 .text          0x02004b90       0x44 ../FIR_bsp/\libhal_bsp.a(alt_dcache_flush_all.o)
                0x02004b90                alt_dcache_flush_all
 .text          0x02004bd4       0xf0 ../FIR_bsp/\libhal_bsp.a(alt_dev_llist_insert.o)
                0x02004c24                alt_dev_llist_insert
 .text          0x02004cc4       0x5c ../FIR_bsp/\libhal_bsp.a(alt_do_ctors.o)
                0x02004cc4                _do_ctors
 .text          0x02004d20       0x5c ../FIR_bsp/\libhal_bsp.a(alt_do_dtors.o)
                0x02004d20                _do_dtors
 .text          0x02004d7c       0x30 ../FIR_bsp/\libhal_bsp.a(alt_icache_flush_all.o)
                0x02004d7c                alt_icache_flush_all
 .text          0x02004dac      0x1d8 ../FIR_bsp/\libhal_bsp.a(alt_iic.o)
                0x02004dac                alt_ic_isr_register
                0x02004dfc                alt_ic_irq_enable
                0x02004e98                alt_ic_irq_disable
                0x02004f38                alt_ic_irq_enabled
 .text          0x02004f84       0xf0 ../FIR_bsp/\libhal_bsp.a(alt_iic_isr_register.o)
                0x02004f84                alt_iic_isr_register
 .text          0x02005074      0x138 ../FIR_bsp/\libhal_bsp.a(alt_io_redirect.o)
                0x02005134                alt_io_redirect
 .text          0x020051ac        0x0 ../FIR_bsp/\libhal_bsp.a(alt_irq_entry.o)
 .text          0x020051ac        0x0 ../FIR_bsp/\libhal_bsp.a(alt_irq_handler.o)
 .text          0x020051ac        0x0 ../FIR_bsp/\libhal_bsp.a(alt_irq_vars.o)
 .text          0x020051ac      0x270 ../FIR_bsp/\libhal_bsp.a(alt_open.o)
                0x020052c8                open
 .text          0x0200541c      0x19c ../FIR_bsp/\libhal_bsp.a(alt_tick.o)
                0x0200541c                alt_alarm_stop
                0x020054b4                alt_tick
 .text          0x020055b8       0x20 ../FIR_bsp/\libhal_bsp.a(altera_nios2_qsys_irq.o)
                0x020055b8                altera_nios2_qsys_irq_init
 .text          0x020055d8        0x0 ../FIR_bsp/\libhal_bsp.a(alt_exception_entry.o)
 .text          0x020055d8       0x90 ../FIR_bsp/\libhal_bsp.a(alt_find_dev.o)
                0x020055d8                alt_find_dev
 .text          0x02005668      0x114 ../FIR_bsp/\libhal_bsp.a(alt_find_file.o)
                0x02005668                alt_find_file
 .text          0x0200577c       0xb4 ../FIR_bsp/\libhal_bsp.a(alt_get_fd.o)
                0x0200577c                alt_get_fd
 .text          0x02005830       0x8c ../FIR_bsp/\libhal_bsp.a(alt_icache_flush.o)
                0x02005830                alt_icache_flush
 .text          0x020058bc       0x14 d:/altera/13.1/nios2eds/bin/gnu/h-i686-mingw32/bin/../lib/gcc/nios2-elf/4.7.3/../../../../../H-i686-mingw32/nios2-elf/lib\libc.a(lib_a-atexit.o)
                0x020058bc                atexit
 .text          0x020058d0       0x38 d:/altera/13.1/nios2eds/bin/gnu/h-i686-mingw32/bin/../lib/gcc/nios2-elf/4.7.3/../../../../../H-i686-mingw32/nios2-elf/lib\libc.a(lib_a-exit.o)
                0x020058d0                exit
 .text          0x02005908       0x7c d:/altera/13.1/nios2eds/bin/gnu/h-i686-mingw32/bin/../lib/gcc/nios2-elf/4.7.3/../../../../../H-i686-mingw32/nios2-elf/lib\libc.a(lib_a-memcmp.o)
                0x02005908                memcmp
 .text          0x02005984      0x130 d:/altera/13.1/nios2eds/bin/gnu/h-i686-mingw32/bin/../lib/gcc/nios2-elf/4.7.3/../../../../../H-i686-mingw32/nios2-elf/lib\libc.a(lib_a-__atexit.o)
                0x02005984                __register_exitproc
 .text          0x02005ab4      0x1a0 d:/altera/13.1/nios2eds/bin/gnu/h-i686-mingw32/bin/../lib/gcc/nios2-elf/4.7.3/../../../../../H-i686-mingw32/nios2-elf/lib\libc.a(lib_a-__call_atexit.o)
                0x02005ab4                __call_exitprocs
 .text          0x02005c54       0x3c ../FIR_bsp/\libhal_bsp.a(alt_exit.o)
                0x02005c54                _exit
 *(.gnu.warning.*)
 *(.fini)
                0x02005c90                PROVIDE (__etext, ABSOLUTE (.))
                0x02005c90                PROVIDE (_etext, ABSOLUTE (.))
                0x02005c90                PROVIDE (etext, ABSOLUTE (.))
 *(.eh_frame_hdr)
                0x02005c90                . = ALIGN (0x4)
                0x02005c90                PROVIDE (__preinit_array_start, ABSOLUTE (.))
 *(.preinit_array)
                0x02005c90                PROVIDE (__preinit_array_end, ABSOLUTE (.))
                0x02005c90                PROVIDE (__init_array_start, ABSOLUTE (.))
 *(.init_array)
                0x02005c90                PROVIDE (__init_array_end, ABSOLUTE (.))
                0x02005c90                PROVIDE (__fini_array_start, ABSOLUTE (.))
 *(.fini_array)
                0x02005c90                PROVIDE (__fini_array_end, ABSOLUTE (.))
 *(.eh_frame)
 *(.gcc_except_table .gcc_except_table.*)
 *(.dynamic)
                0x02005c90                PROVIDE (__CTOR_LIST__, ABSOLUTE (.))
 *(.ctors)
 *(SORT(.ctors.*))
                0x02005c90                PROVIDE (__CTOR_END__, ABSOLUTE (.))
                0x02005c90                PROVIDE (__DTOR_LIST__, ABSOLUTE (.))
 *(.dtors)
 *(SORT(.dtors.*))
                0x02005c90                PROVIDE (__DTOR_END__, ABSOLUTE (.))
 *(.jcr)
                0x02005c90                . = ALIGN (0x4)

.rodata         0x02005c90       0x54
                0x02005c90                PROVIDE (__ram_rodata_start, ABSOLUTE (.))
                0x02005c90                . = ALIGN (0x4)
 *(.rodata .rodata.* .gnu.linkonce.r.*)
 .rodata        0x02005c90       0x14 obj/default/hello_world.o
 .rodata.str1.4
                0x02005ca4        0x2 d:/altera/13.1/nios2eds/bin/gnu/h-i686-mingw32/bin/../lib/gcc/nios2-elf/4.7.3/../../../../../H-i686-mingw32/nios2-elf/lib\libc.a(lib_a-puts.o)
                                  0x4 (size before relaxing)
 *fill*         0x02005ca6        0x2 
 .rodata.str1.4
                0x02005ca8        0x4 d:/altera/13.1/nios2eds/bin/gnu/h-i686-mingw32/bin/../lib/gcc/nios2-elf/4.7.3/../../../../../H-i686-mingw32/nios2-elf/lib\libc.a(lib_a-impure.o)
 .rodata        0x02005cac        0xc ../FIR_bsp/\libhal_bsp.a(alt_dev.o)
 .rodata        0x02005cb8       0x10 ../FIR_bsp/\libhal_bsp.a(alt_main.o)
 .rodata        0x02005cc8       0x1c ../FIR_bsp/\libhal_bsp.a(alt_sys_init.o)
 *(.rodata1)
                0x02005ce4                . = ALIGN (0x4)
                0x02005ce4                PROVIDE (__ram_rodata_end, ABSOLUTE (.))
                0x02005c90                PROVIDE (__flash_rodata_start, LOADADDR (.rodata))

.rwdata         0x02005ce4     0x1b0c load address 0x020077f0
                0x02005ce4                PROVIDE (__ram_rwdata_start, ABSOLUTE (.))
                0x02005ce4                . = ALIGN (0x4)
 *(.got.plt)
 *(.got)
 *(.data1)
 *(.data .data.* .gnu.linkonce.d.*)
 .data          0x02005ce4        0x0 ../FIR_bsp//obj/HAL/src/crt0.o
 .data          0x02005ce4        0x0 obj/default/hello_world.o
 .data          0x02005ce4        0x0 d:/altera/13.1/nios2eds/bin/gnu/h-i686-mingw32/bin/../lib/gcc/nios2-elf/4.7.3/../../../../../H-i686-mingw32/nios2-elf/lib\libc.a(lib_a-puts.o)
 .data          0x02005ce4        0x0 d:/altera/13.1/nios2eds/bin/gnu/h-i686-mingw32/bin/../lib/gcc/nios2-elf/4.7.3/../../../../../H-i686-mingw32/nios2-elf/lib\libc.a(lib_a-strlen.o)
 .data          0x02005ce4        0x0 d:/altera/13.1/nios2eds/bin/gnu/h-i686-mingw32/bin/../lib/gcc/nios2-elf/4.7.3/../../../../../H-i686-mingw32/nios2-elf/lib\libc.a(lib_a-fvwrite.o)
 .data          0x02005ce4      0x400 d:/altera/13.1/nios2eds/bin/gnu/h-i686-mingw32/bin/../lib/gcc/nios2-elf/4.7.3/../../../../../H-i686-mingw32/nios2-elf/lib\libc.a(lib_a-impure.o)
 .data          0x020060e4      0x408 d:/altera/13.1/nios2eds/bin/gnu/h-i686-mingw32/bin/../lib/gcc/nios2-elf/4.7.3/../../../../../H-i686-mingw32/nios2-elf/lib\libc.a(lib_a-mallocr.o)
                0x020060e4                __malloc_av_
 .data          0x020064ec        0x0 d:/altera/13.1/nios2eds/bin/gnu/h-i686-mingw32/bin/../lib/gcc/nios2-elf/4.7.3/../../../../../H-i686-mingw32/nios2-elf/lib\libc.a(lib_a-memchr.o)
 .data          0x020064ec        0x0 d:/altera/13.1/nios2eds/bin/gnu/h-i686-mingw32/bin/../lib/gcc/nios2-elf/4.7.3/../../../../../H-i686-mingw32/nios2-elf/lib\libc.a(lib_a-memcpy.o)
 .data          0x020064ec        0x0 d:/altera/13.1/nios2eds/bin/gnu/h-i686-mingw32/bin/../lib/gcc/nios2-elf/4.7.3/../../../../../H-i686-mingw32/nios2-elf/lib\libc.a(lib_a-memmove.o)
 .data          0x020064ec        0x0 d:/altera/13.1/nios2eds/bin/gnu/h-i686-mingw32/bin/../lib/gcc/nios2-elf/4.7.3/../../../../../H-i686-mingw32/nios2-elf/lib\libc.a(lib_a-reallocr.o)
 .data          0x020064ec        0x0 d:/altera/13.1/nios2eds/bin/gnu/h-i686-mingw32/bin/../lib/gcc/nios2-elf/4.7.3/../../../../../H-i686-mingw32/nios2-elf/lib\libc.a(lib_a-sbrkr.o)
 .data          0x020064ec        0x0 d:/altera/13.1/nios2eds/bin/gnu/h-i686-mingw32/bin/../lib/gcc/nios2-elf/4.7.3/../../../../../H-i686-mingw32/nios2-elf/lib\libc.a(lib_a-wsetup.o)
 .data          0x020064ec        0x0 d:/altera/13.1/nios2eds/bin/gnu/h-i686-mingw32/bin/../lib/gcc/nios2-elf/4.7.3/../../../../../H-i686-mingw32/nios2-elf/lib\libc.a(lib_a-fflush.o)
 .data          0x020064ec        0x0 d:/altera/13.1/nios2eds/bin/gnu/h-i686-mingw32/bin/../lib/gcc/nios2-elf/4.7.3/../../../../../H-i686-mingw32/nios2-elf/lib\libc.a(lib_a-findfp.o)
 .data          0x020064ec        0x0 d:/altera/13.1/nios2eds/bin/gnu/h-i686-mingw32/bin/../lib/gcc/nios2-elf/4.7.3/../../../../../H-i686-mingw32/nios2-elf/lib\libc.a(lib_a-freer.o)
 .data          0x020064ec        0x0 d:/altera/13.1/nios2eds/bin/gnu/h-i686-mingw32/bin/../lib/gcc/nios2-elf/4.7.3/../../../../../H-i686-mingw32/nios2-elf/lib\libc.a(lib_a-fwalk.o)
 .data          0x020064ec        0x0 d:/altera/13.1/nios2eds/bin/gnu/h-i686-mingw32/bin/../lib/gcc/nios2-elf/4.7.3/../../../../../H-i686-mingw32/nios2-elf/lib\libc.a(lib_a-int_errno.o)
 .data          0x020064ec        0x0 d:/altera/13.1/nios2eds/bin/gnu/h-i686-mingw32/bin/../lib/gcc/nios2-elf/4.7.3/../../../../../H-i686-mingw32/nios2-elf/lib\libc.a(lib_a-makebuf.o)
 .data          0x020064ec        0x0 d:/altera/13.1/nios2eds/bin/gnu/h-i686-mingw32/bin/../lib/gcc/nios2-elf/4.7.3/../../../../../H-i686-mingw32/nios2-elf/lib\libc.a(lib_a-memset.o)
 .data          0x020064ec        0x0 d:/altera/13.1/nios2eds/bin/gnu/h-i686-mingw32/bin/../lib/gcc/nios2-elf/4.7.3/../../../../../H-i686-mingw32/nios2-elf/lib\libc.a(lib_a-stdio.o)
 .data          0x020064ec        0x0 d:/altera/13.1/nios2eds/bin/gnu/h-i686-mingw32/bin/../lib/gcc/nios2-elf/4.7.3/../../../../../H-i686-mingw32/nios2-elf/lib\libc.a(lib_a-writer.o)
 .data          0x020064ec        0x0 d:/altera/13.1/nios2eds/bin/gnu/h-i686-mingw32/bin/../lib/gcc/nios2-elf/4.7.3/../../../../../H-i686-mingw32/nios2-elf/lib\libc.a(lib_a-closer.o)
 .data          0x020064ec        0x0 d:/altera/13.1/nios2eds/bin/gnu/h-i686-mingw32/bin/../lib/gcc/nios2-elf/4.7.3/../../../../../H-i686-mingw32/nios2-elf/lib\libc.a(lib_a-fclose.o)
 .data          0x020064ec        0x0 d:/altera/13.1/nios2eds/bin/gnu/h-i686-mingw32/bin/../lib/gcc/nios2-elf/4.7.3/../../../../../H-i686-mingw32/nios2-elf/lib\libc.a(lib_a-fstatr.o)
 .data          0x020064ec        0x0 d:/altera/13.1/nios2eds/bin/gnu/h-i686-mingw32/bin/../lib/gcc/nios2-elf/4.7.3/../../../../../H-i686-mingw32/nios2-elf/lib\libc.a(lib_a-isattyr.o)
 .data          0x020064ec        0x0 d:/altera/13.1/nios2eds/bin/gnu/h-i686-mingw32/bin/../lib/gcc/nios2-elf/4.7.3/../../../../../H-i686-mingw32/nios2-elf/lib\libc.a(lib_a-lseekr.o)
 .data          0x020064ec        0x0 d:/altera/13.1/nios2eds/bin/gnu/h-i686-mingw32/bin/../lib/gcc/nios2-elf/4.7.3/../../../../../H-i686-mingw32/nios2-elf/lib\libc.a(lib_a-readr.o)
 .data          0x020064ec        0x0 ../FIR_bsp/\libhal_bsp.a(alt_close.o)
 .data          0x020064ec      0x1a8 ../FIR_bsp/\libhal_bsp.a(alt_dev.o)
                0x020064ec                alt_dev_null
                0x02006514                alt_fd_list
 .data          0x02006694        0x0 ../FIR_bsp/\libhal_bsp.a(alt_errno.o)
 .data          0x02006694        0x0 ../FIR_bsp/\libhal_bsp.a(alt_fstat.o)
 .data          0x02006694        0x0 ../FIR_bsp/\libhal_bsp.a(alt_isatty.o)
 .data          0x02006694        0x0 ../FIR_bsp/\libhal_bsp.a(alt_load.o)
 .data          0x02006694        0x0 ../FIR_bsp/\libhal_bsp.a(alt_lseek.o)
 .data          0x02006694        0x0 ../FIR_bsp/\libhal_bsp.a(alt_main.o)
 .data          0x02006694        0x0 ../FIR_bsp/\libhal_bsp.a(alt_malloc_lock.o)
 .data          0x02006694        0x0 ../FIR_bsp/\libhal_bsp.a(alt_read.o)
 .data          0x02006694        0x0 ../FIR_bsp/\libhal_bsp.a(alt_release_fd.o)
 .data          0x02006694        0x0 ../FIR_bsp/\libhal_bsp.a(alt_sbrk.o)
 .data          0x02006694        0x0 ../FIR_bsp/\libhal_bsp.a(alt_write.o)
 .data          0x02006694     0x1124 ../FIR_bsp/\libhal_bsp.a(alt_sys_init.o)
 .data          0x020077b8        0x0 ../FIR_bsp/\libhal_bsp.a(altera_avalon_jtag_uart_fd.o)
 .data          0x020077b8        0x0 ../FIR_bsp/\libhal_bsp.a(altera_avalon_jtag_uart_init.o)
 .data          0x020077b8        0x0 ../FIR_bsp/\libhal_bsp.a(altera_avalon_jtag_uart_ioctl.o)
 .data          0x020077b8        0x0 ../FIR_bsp/\libhal_bsp.a(altera_avalon_jtag_uart_read.o)
 .data          0x020077b8        0x0 ../FIR_bsp/\libhal_bsp.a(altera_avalon_jtag_uart_write.o)
 .data          0x020077b8        0x0 ../FIR_bsp/\libhal_bsp.a(altera_avalon_uart_fd.o)
 .data          0x020077b8        0x0 ../FIR_bsp/\libhal_bsp.a(altera_avalon_uart_init.o)
 .data          0x020077b8        0x0 ../FIR_bsp/\libhal_bsp.a(altera_avalon_uart_read.o)
 .data          0x020077b8        0x0 ../FIR_bsp/\libhal_bsp.a(altera_avalon_uart_write.o)
 .data          0x020077b8        0x0 ../FIR_bsp/\libhal_bsp.a(alt_alarm_start.o)
 .data          0x020077b8        0x0 ../FIR_bsp/\libhal_bsp.a(alt_dcache_flush_all.o)
 .data          0x020077b8        0x0 ../FIR_bsp/\libhal_bsp.a(alt_dev_llist_insert.o)
 .data          0x020077b8        0x0 ../FIR_bsp/\libhal_bsp.a(alt_do_ctors.o)
 .data          0x020077b8        0x0 ../FIR_bsp/\libhal_bsp.a(alt_do_dtors.o)
 .data          0x020077b8        0x0 ../FIR_bsp/\libhal_bsp.a(alt_icache_flush_all.o)
 .data          0x020077b8        0x0 ../FIR_bsp/\libhal_bsp.a(alt_iic.o)
 .data          0x020077b8        0x0 ../FIR_bsp/\libhal_bsp.a(alt_iic_isr_register.o)
 .data          0x020077b8        0x0 ../FIR_bsp/\libhal_bsp.a(alt_io_redirect.o)
 .data          0x020077b8        0x0 ../FIR_bsp/\libhal_bsp.a(alt_irq_entry.o)
 .data          0x020077b8        0x0 ../FIR_bsp/\libhal_bsp.a(alt_irq_handler.o)
 .data          0x020077b8        0x0 ../FIR_bsp/\libhal_bsp.a(alt_irq_vars.o)
 .data          0x020077b8        0x0 ../FIR_bsp/\libhal_bsp.a(alt_open.o)
 .data          0x020077b8        0x0 ../FIR_bsp/\libhal_bsp.a(alt_tick.o)
 .data          0x020077b8        0x0 ../FIR_bsp/\libhal_bsp.a(altera_nios2_qsys_irq.o)
 .data          0x020077b8        0x0 ../FIR_bsp/\libhal_bsp.a(alt_exception_entry.o)
 .data          0x020077b8        0x0 ../FIR_bsp/\libhal_bsp.a(alt_find_dev.o)
 .data          0x020077b8        0x0 ../FIR_bsp/\libhal_bsp.a(alt_find_file.o)
 .data          0x020077b8        0x0 ../FIR_bsp/\libhal_bsp.a(alt_get_fd.o)
 .data          0x020077b8        0x0 ../FIR_bsp/\libhal_bsp.a(alt_icache_flush.o)
 .data          0x020077b8        0x0 d:/altera/13.1/nios2eds/bin/gnu/h-i686-mingw32/bin/../lib/gcc/nios2-elf/4.7.3/../../../../../H-i686-mingw32/nios2-elf/lib\libc.a(lib_a-atexit.o)
 .data          0x020077b8        0x0 d:/altera/13.1/nios2eds/bin/gnu/h-i686-mingw32/bin/../lib/gcc/nios2-elf/4.7.3/../../../../../H-i686-mingw32/nios2-elf/lib\libc.a(lib_a-exit.o)
 .data          0x020077b8        0x0 d:/altera/13.1/nios2eds/bin/gnu/h-i686-mingw32/bin/../lib/gcc/nios2-elf/4.7.3/../../../../../H-i686-mingw32/nios2-elf/lib\libc.a(lib_a-memcmp.o)
 .data          0x020077b8        0x0 d:/altera/13.1/nios2eds/bin/gnu/h-i686-mingw32/bin/../lib/gcc/nios2-elf/4.7.3/../../../../../H-i686-mingw32/nios2-elf/lib\libc.a(lib_a-__atexit.o)
 .data          0x020077b8        0x0 d:/altera/13.1/nios2eds/bin/gnu/h-i686-mingw32/bin/../lib/gcc/nios2-elf/4.7.3/../../../../../H-i686-mingw32/nios2-elf/lib\libc.a(lib_a-__call_atexit.o)
 .data          0x020077b8        0x0 ../FIR_bsp/\libhal_bsp.a(alt_exit.o)
                0x0200f7b8                _gp = ABSOLUTE ((. + 0x8000))
                0x0200f7b8                PROVIDE (gp, _gp)
 *(.rwdata .rwdata.*)
 *(.sdata .sdata.* .gnu.linkonce.s.*)
 .sdata         0x020077b8        0x8 d:/altera/13.1/nios2eds/bin/gnu/h-i686-mingw32/bin/../lib/gcc/nios2-elf/4.7.3/../../../../../H-i686-mingw32/nios2-elf/lib\libc.a(lib_a-impure.o)
                0x020077b8                _global_impure_ptr
                0x020077bc                _impure_ptr
 .sdata         0x020077c0        0x8 d:/altera/13.1/nios2eds/bin/gnu/h-i686-mingw32/bin/../lib/gcc/nios2-elf/4.7.3/../../../../../H-i686-mingw32/nios2-elf/lib\libc.a(lib_a-mallocr.o)
                0x020077c0                __malloc_sbrk_base
                0x020077c4                __malloc_trim_threshold
 .sdata         0x020077c8       0x14 ../FIR_bsp/\libhal_bsp.a(alt_dev.o)
                0x020077c8                alt_fs_list
                0x020077d0                alt_dev_list
                0x020077d8                alt_max_fd
 .sdata         0x020077dc        0x4 ../FIR_bsp/\libhal_bsp.a(alt_errno.o)
                0x020077dc                alt_errno
 .sdata         0x020077e0        0x4 ../FIR_bsp/\libhal_bsp.a(alt_sbrk.o)
 .sdata         0x020077e4        0x4 ../FIR_bsp/\libhal_bsp.a(alt_irq_vars.o)
                0x020077e4                alt_priority_mask
 .sdata         0x020077e8        0x8 ../FIR_bsp/\libhal_bsp.a(alt_tick.o)
                0x020077e8                alt_alarm_list
 *(.sdata2 .sdata2.* .gnu.linkonce.s2.*)
                0x020077f0                . = ALIGN (0x4)
                0x020077f0                _edata = ABSOLUTE (.)
                0x020077f0                PROVIDE (edata, ABSOLUTE (.))
                0x020077f0                PROVIDE (__ram_rwdata_end, ABSOLUTE (.))
                0x020077f0                PROVIDE (__flash_rwdata_start, LOADADDR (.rwdata))

.bss            0x020092fc      0x2e0
                0x020092fc                __bss_start = ABSOLUTE (.)
                0x020092fc                PROVIDE (__sbss_start, ABSOLUTE (.))
                0x020092fc                PROVIDE (___sbss_start, ABSOLUTE (.))
 *(.dynsbss)
 *(.sbss .sbss.* .gnu.linkonce.sb.*)
 .sbss          0x020092fc        0xc d:/altera/13.1/nios2eds/bin/gnu/h-i686-mingw32/bin/../lib/gcc/nios2-elf/4.7.3/../../../../../H-i686-mingw32/nios2-elf/lib\libc.a(lib_a-mallocr.o)
                0x020092fc                __malloc_max_total_mem
                0x02009300                __malloc_max_sbrked_mem
                0x02009304                __malloc_top_pad
 .sbss          0x02009308        0x4 d:/altera/13.1/nios2eds/bin/gnu/h-i686-mingw32/bin/../lib/gcc/nios2-elf/4.7.3/../../../../../H-i686-mingw32/nios2-elf/lib\libc.a(lib_a-int_errno.o)
                0x02009308                errno
 .sbss          0x0200930c        0xc ../FIR_bsp/\libhal_bsp.a(alt_main.o)
                0x0200930c                alt_argc
                0x02009310                alt_argv
                0x02009314                alt_envp
 .sbss          0x02009318        0x4 ../FIR_bsp/\libhal_bsp.a(alt_irq_vars.o)
                0x02009318                alt_irq_active
 .sbss          0x0200931c        0x8 ../FIR_bsp/\libhal_bsp.a(alt_tick.o)
                0x0200931c                _alt_tick_rate
                0x02009320                _alt_nticks
 *(.sbss2 .sbss2.* .gnu.linkonce.sb2.*)
 *(.scommon)
                0x02009324                PROVIDE (__sbss_end, ABSOLUTE (.))
                0x02009324                PROVIDE (___sbss_end, ABSOLUTE (.))
 *(.dynbss)
 *(.bss .bss.* .gnu.linkonce.b.*)
 .bss           0x02009324        0x0 ../FIR_bsp//obj/HAL/src/crt0.o
 .bss           0x02009324        0x0 obj/default/hello_world.o
 .bss           0x02009324        0x0 d:/altera/13.1/nios2eds/bin/gnu/h-i686-mingw32/bin/../lib/gcc/nios2-elf/4.7.3/../../../../../H-i686-mingw32/nios2-elf/lib\libc.a(lib_a-puts.o)
 .bss           0x02009324        0x0 d:/altera/13.1/nios2eds/bin/gnu/h-i686-mingw32/bin/../lib/gcc/nios2-elf/4.7.3/../../../../../H-i686-mingw32/nios2-elf/lib\libc.a(lib_a-strlen.o)
 .bss           0x02009324        0x0 d:/altera/13.1/nios2eds/bin/gnu/h-i686-mingw32/bin/../lib/gcc/nios2-elf/4.7.3/../../../../../H-i686-mingw32/nios2-elf/lib\libc.a(lib_a-fvwrite.o)
 .bss           0x02009324        0x0 d:/altera/13.1/nios2eds/bin/gnu/h-i686-mingw32/bin/../lib/gcc/nios2-elf/4.7.3/../../../../../H-i686-mingw32/nios2-elf/lib\libc.a(lib_a-impure.o)
 .bss           0x02009324       0x28 d:/altera/13.1/nios2eds/bin/gnu/h-i686-mingw32/bin/../lib/gcc/nios2-elf/4.7.3/../../../../../H-i686-mingw32/nios2-elf/lib\libc.a(lib_a-mallocr.o)
                0x02009324                __malloc_current_mallinfo
 .bss           0x0200934c        0x0 d:/altera/13.1/nios2eds/bin/gnu/h-i686-mingw32/bin/../lib/gcc/nios2-elf/4.7.3/../../../../../H-i686-mingw32/nios2-elf/lib\libc.a(lib_a-memchr.o)
 .bss           0x0200934c        0x0 d:/altera/13.1/nios2eds/bin/gnu/h-i686-mingw32/bin/../lib/gcc/nios2-elf/4.7.3/../../../../../H-i686-mingw32/nios2-elf/lib\libc.a(lib_a-memcpy.o)
 .bss           0x0200934c        0x0 d:/altera/13.1/nios2eds/bin/gnu/h-i686-mingw32/bin/../lib/gcc/nios2-elf/4.7.3/../../../../../H-i686-mingw32/nios2-elf/lib\libc.a(lib_a-memmove.o)
 .bss           0x0200934c        0x0 d:/altera/13.1/nios2eds/bin/gnu/h-i686-mingw32/bin/../lib/gcc/nios2-elf/4.7.3/../../../../../H-i686-mingw32/nios2-elf/lib\libc.a(lib_a-reallocr.o)
 .bss           0x0200934c        0x0 d:/altera/13.1/nios2eds/bin/gnu/h-i686-mingw32/bin/../lib/gcc/nios2-elf/4.7.3/../../../../../H-i686-mingw32/nios2-elf/lib\libc.a(lib_a-sbrkr.o)
 .bss           0x0200934c        0x0 d:/altera/13.1/nios2eds/bin/gnu/h-i686-mingw32/bin/../lib/gcc/nios2-elf/4.7.3/../../../../../H-i686-mingw32/nios2-elf/lib\libc.a(lib_a-wsetup.o)
 .bss           0x0200934c        0x0 d:/altera/13.1/nios2eds/bin/gnu/h-i686-mingw32/bin/../lib/gcc/nios2-elf/4.7.3/../../../../../H-i686-mingw32/nios2-elf/lib\libc.a(lib_a-fflush.o)
 .bss           0x0200934c        0x0 d:/altera/13.1/nios2eds/bin/gnu/h-i686-mingw32/bin/../lib/gcc/nios2-elf/4.7.3/../../../../../H-i686-mingw32/nios2-elf/lib\libc.a(lib_a-findfp.o)
 .bss           0x0200934c        0x0 d:/altera/13.1/nios2eds/bin/gnu/h-i686-mingw32/bin/../lib/gcc/nios2-elf/4.7.3/../../../../../H-i686-mingw32/nios2-elf/lib\libc.a(lib_a-freer.o)
 .bss           0x0200934c        0x0 d:/altera/13.1/nios2eds/bin/gnu/h-i686-mingw32/bin/../lib/gcc/nios2-elf/4.7.3/../../../../../H-i686-mingw32/nios2-elf/lib\libc.a(lib_a-fwalk.o)
 .bss           0x0200934c        0x0 d:/altera/13.1/nios2eds/bin/gnu/h-i686-mingw32/bin/../lib/gcc/nios2-elf/4.7.3/../../../../../H-i686-mingw32/nios2-elf/lib\libc.a(lib_a-int_errno.o)
 .bss           0x0200934c        0x0 d:/altera/13.1/nios2eds/bin/gnu/h-i686-mingw32/bin/../lib/gcc/nios2-elf/4.7.3/../../../../../H-i686-mingw32/nios2-elf/lib\libc.a(lib_a-makebuf.o)
 .bss           0x0200934c        0x0 d:/altera/13.1/nios2eds/bin/gnu/h-i686-mingw32/bin/../lib/gcc/nios2-elf/4.7.3/../../../../../H-i686-mingw32/nios2-elf/lib\libc.a(lib_a-memset.o)
 .bss           0x0200934c        0x0 d:/altera/13.1/nios2eds/bin/gnu/h-i686-mingw32/bin/../lib/gcc/nios2-elf/4.7.3/../../../../../H-i686-mingw32/nios2-elf/lib\libc.a(lib_a-stdio.o)
 .bss           0x0200934c        0x0 d:/altera/13.1/nios2eds/bin/gnu/h-i686-mingw32/bin/../lib/gcc/nios2-elf/4.7.3/../../../../../H-i686-mingw32/nios2-elf/lib\libc.a(lib_a-writer.o)
 .bss           0x0200934c        0x0 d:/altera/13.1/nios2eds/bin/gnu/h-i686-mingw32/bin/../lib/gcc/nios2-elf/4.7.3/../../../../../H-i686-mingw32/nios2-elf/lib\libc.a(lib_a-closer.o)
 .bss           0x0200934c        0x0 d:/altera/13.1/nios2eds/bin/gnu/h-i686-mingw32/bin/../lib/gcc/nios2-elf/4.7.3/../../../../../H-i686-mingw32/nios2-elf/lib\libc.a(lib_a-fclose.o)
 .bss           0x0200934c        0x0 d:/altera/13.1/nios2eds/bin/gnu/h-i686-mingw32/bin/../lib/gcc/nios2-elf/4.7.3/../../../../../H-i686-mingw32/nios2-elf/lib\libc.a(lib_a-fstatr.o)
 .bss           0x0200934c        0x0 d:/altera/13.1/nios2eds/bin/gnu/h-i686-mingw32/bin/../lib/gcc/nios2-elf/4.7.3/../../../../../H-i686-mingw32/nios2-elf/lib\libc.a(lib_a-isattyr.o)
 .bss           0x0200934c        0x0 d:/altera/13.1/nios2eds/bin/gnu/h-i686-mingw32/bin/../lib/gcc/nios2-elf/4.7.3/../../../../../H-i686-mingw32/nios2-elf/lib\libc.a(lib_a-lseekr.o)
 .bss           0x0200934c        0x0 d:/altera/13.1/nios2eds/bin/gnu/h-i686-mingw32/bin/../lib/gcc/nios2-elf/4.7.3/../../../../../H-i686-mingw32/nios2-elf/lib\libc.a(lib_a-readr.o)
 .bss           0x0200934c        0x0 ../FIR_bsp/\libhal_bsp.a(alt_close.o)
 .bss           0x0200934c        0x0 ../FIR_bsp/\libhal_bsp.a(alt_dev.o)
 .bss           0x0200934c        0x0 ../FIR_bsp/\libhal_bsp.a(alt_errno.o)
 .bss           0x0200934c        0x0 ../FIR_bsp/\libhal_bsp.a(alt_fstat.o)
 .bss           0x0200934c        0x0 ../FIR_bsp/\libhal_bsp.a(alt_isatty.o)
 .bss           0x0200934c        0x0 ../FIR_bsp/\libhal_bsp.a(alt_load.o)
 .bss           0x0200934c        0x0 ../FIR_bsp/\libhal_bsp.a(alt_lseek.o)
 .bss           0x0200934c        0x0 ../FIR_bsp/\libhal_bsp.a(alt_main.o)
 .bss           0x0200934c        0x0 ../FIR_bsp/\libhal_bsp.a(alt_malloc_lock.o)
 .bss           0x0200934c        0x0 ../FIR_bsp/\libhal_bsp.a(alt_read.o)
 .bss           0x0200934c        0x0 ../FIR_bsp/\libhal_bsp.a(alt_release_fd.o)
 .bss           0x0200934c        0x0 ../FIR_bsp/\libhal_bsp.a(alt_sbrk.o)
 .bss           0x0200934c        0x0 ../FIR_bsp/\libhal_bsp.a(alt_write.o)
 .bss           0x0200934c        0x0 ../FIR_bsp/\libhal_bsp.a(alt_sys_init.o)
 .bss           0x0200934c        0x0 ../FIR_bsp/\libhal_bsp.a(altera_avalon_jtag_uart_fd.o)
 .bss           0x0200934c        0x0 ../FIR_bsp/\libhal_bsp.a(altera_avalon_jtag_uart_init.o)
 .bss           0x0200934c        0x0 ../FIR_bsp/\libhal_bsp.a(altera_avalon_jtag_uart_ioctl.o)
 .bss           0x0200934c        0x0 ../FIR_bsp/\libhal_bsp.a(altera_avalon_jtag_uart_read.o)
 .bss           0x0200934c        0x0 ../FIR_bsp/\libhal_bsp.a(altera_avalon_jtag_uart_write.o)
 .bss           0x0200934c        0x0 ../FIR_bsp/\libhal_bsp.a(altera_avalon_uart_fd.o)
 .bss           0x0200934c        0x0 ../FIR_bsp/\libhal_bsp.a(altera_avalon_uart_init.o)
 .bss           0x0200934c        0x0 ../FIR_bsp/\libhal_bsp.a(altera_avalon_uart_read.o)
 .bss           0x0200934c        0x0 ../FIR_bsp/\libhal_bsp.a(altera_avalon_uart_write.o)
 .bss           0x0200934c        0x0 ../FIR_bsp/\libhal_bsp.a(alt_alarm_start.o)
 .bss           0x0200934c        0x0 ../FIR_bsp/\libhal_bsp.a(alt_dcache_flush_all.o)
 .bss           0x0200934c        0x0 ../FIR_bsp/\libhal_bsp.a(alt_dev_llist_insert.o)
 .bss           0x0200934c        0x0 ../FIR_bsp/\libhal_bsp.a(alt_do_ctors.o)
 .bss           0x0200934c        0x0 ../FIR_bsp/\libhal_bsp.a(alt_do_dtors.o)
 .bss           0x0200934c        0x0 ../FIR_bsp/\libhal_bsp.a(alt_icache_flush_all.o)
 .bss           0x0200934c        0x0 ../FIR_bsp/\libhal_bsp.a(alt_iic.o)
 .bss           0x0200934c        0x0 ../FIR_bsp/\libhal_bsp.a(alt_iic_isr_register.o)
 .bss           0x0200934c        0x0 ../FIR_bsp/\libhal_bsp.a(alt_io_redirect.o)
 .bss           0x0200934c        0x0 ../FIR_bsp/\libhal_bsp.a(alt_irq_entry.o)
 .bss           0x0200934c        0x0 ../FIR_bsp/\libhal_bsp.a(alt_irq_handler.o)
 .bss           0x0200934c        0x0 ../FIR_bsp/\libhal_bsp.a(alt_irq_vars.o)
 .bss           0x0200934c        0x0 ../FIR_bsp/\libhal_bsp.a(alt_open.o)
 .bss           0x0200934c        0x0 ../FIR_bsp/\libhal_bsp.a(alt_tick.o)
 .bss           0x0200934c        0x0 ../FIR_bsp/\libhal_bsp.a(altera_nios2_qsys_irq.o)
 .bss           0x0200934c        0x0 ../FIR_bsp/\libhal_bsp.a(alt_exception_entry.o)
 .bss           0x0200934c        0x0 ../FIR_bsp/\libhal_bsp.a(alt_find_dev.o)
 .bss           0x0200934c        0x0 ../FIR_bsp/\libhal_bsp.a(alt_find_file.o)
 .bss           0x0200934c        0x0 ../FIR_bsp/\libhal_bsp.a(alt_get_fd.o)
 .bss           0x0200934c        0x0 ../FIR_bsp/\libhal_bsp.a(alt_icache_flush.o)
 .bss           0x0200934c        0x0 d:/altera/13.1/nios2eds/bin/gnu/h-i686-mingw32/bin/../lib/gcc/nios2-elf/4.7.3/../../../../../H-i686-mingw32/nios2-elf/lib\libc.a(lib_a-atexit.o)
 .bss           0x0200934c        0x0 d:/altera/13.1/nios2eds/bin/gnu/h-i686-mingw32/bin/../lib/gcc/nios2-elf/4.7.3/../../../../../H-i686-mingw32/nios2-elf/lib\libc.a(lib_a-exit.o)
 .bss           0x0200934c        0x0 d:/altera/13.1/nios2eds/bin/gnu/h-i686-mingw32/bin/../lib/gcc/nios2-elf/4.7.3/../../../../../H-i686-mingw32/nios2-elf/lib\libc.a(lib_a-memcmp.o)
 .bss           0x0200934c        0x0 d:/altera/13.1/nios2eds/bin/gnu/h-i686-mingw32/bin/../lib/gcc/nios2-elf/4.7.3/../../../../../H-i686-mingw32/nios2-elf/lib\libc.a(lib_a-__atexit.o)
 .bss           0x0200934c        0x0 d:/altera/13.1/nios2eds/bin/gnu/h-i686-mingw32/bin/../lib/gcc/nios2-elf/4.7.3/../../../../../H-i686-mingw32/nios2-elf/lib\libc.a(lib_a-__call_atexit.o)
 .bss           0x0200934c        0x0 ../FIR_bsp/\libhal_bsp.a(alt_exit.o)
 *(COMMON)
 COMMON         0x0200934c      0x100 ../FIR_bsp/\libhal_bsp.a(alt_irq_handler.o)
                0x0200934c                alt_irq
 COMMON         0x0200944c      0x190 d:/altera/13.1/nios2eds/bin/gnu/h-i686-mingw32/bin/../lib/gcc/nios2-elf/4.7.3/../../../../../H-i686-mingw32/nios2-elf/lib\libc.a(lib_a-atexit.o)
                0x0200944c                _atexit0
                0x020095dc                . = ALIGN (0x4)
                0x020095dc                __bss_end = ABSOLUTE (.)

.SDRAM          0x020095dc        0x0
                0x020095dc                PROVIDE (_alt_partition_SDRAM_start, ABSOLUTE (.))
 *(.SDRAM .SDRAM. SDRAM.*)
                0x020095dc                . = ALIGN (0x4)
                0x020095dc                PROVIDE (_alt_partition_SDRAM_end, ABSOLUTE (.))
                0x020095dc                _end = ABSOLUTE (.)
                0x020095dc                end = ABSOLUTE (.)
                0x020095dc                __alt_stack_base = ABSOLUTE (.)
                0x020095dc                PROVIDE (_alt_partition_SDRAM_load_addr, LOADADDR (.SDRAM))

.stab
 *(.stab)

.stabstr
 *(.stabstr)

.stab.excl
 *(.stab.excl)

.stab.exclstr
 *(.stab.exclstr)

.stab.index
 *(.stab.index)

.stab.indexstr
 *(.stab.indexstr)

.comment        0x00000000       0x23
 *(.comment)
 .comment       0x00000000       0x23 obj/default/hello_world.o
                                 0x24 (size before relaxing)
 .comment       0x00000000       0x24 d:/altera/13.1/nios2eds/bin/gnu/h-i686-mingw32/bin/../lib/gcc/nios2-elf/4.7.3/../../../../../H-i686-mingw32/nios2-elf/lib\libc.a(lib_a-puts.o)
 .comment       0x00000000       0x24 d:/altera/13.1/nios2eds/bin/gnu/h-i686-mingw32/bin/../lib/gcc/nios2-elf/4.7.3/../../../../../H-i686-mingw32/nios2-elf/lib\libc.a(lib_a-strlen.o)
 .comment       0x00000000       0x24 d:/altera/13.1/nios2eds/bin/gnu/h-i686-mingw32/bin/../lib/gcc/nios2-elf/4.7.3/../../../../../H-i686-mingw32/nios2-elf/lib\libc.a(lib_a-fvwrite.o)
 .comment       0x00000000       0x24 d:/altera/13.1/nios2eds/bin/gnu/h-i686-mingw32/bin/../lib/gcc/nios2-elf/4.7.3/../../../../../H-i686-mingw32/nios2-elf/lib\libc.a(lib_a-impure.o)
 .comment       0x00000000       0x24 d:/altera/13.1/nios2eds/bin/gnu/h-i686-mingw32/bin/../lib/gcc/nios2-elf/4.7.3/../../../../../H-i686-mingw32/nios2-elf/lib\libc.a(lib_a-mallocr.o)
 .comment       0x00000000       0x24 d:/altera/13.1/nios2eds/bin/gnu/h-i686-mingw32/bin/../lib/gcc/nios2-elf/4.7.3/../../../../../H-i686-mingw32/nios2-elf/lib\libc.a(lib_a-memchr.o)
 .comment       0x00000000       0x24 d:/altera/13.1/nios2eds/bin/gnu/h-i686-mingw32/bin/../lib/gcc/nios2-elf/4.7.3/../../../../../H-i686-mingw32/nios2-elf/lib\libc.a(lib_a-memcpy.o)
 .comment       0x00000000       0x24 d:/altera/13.1/nios2eds/bin/gnu/h-i686-mingw32/bin/../lib/gcc/nios2-elf/4.7.3/../../../../../H-i686-mingw32/nios2-elf/lib\libc.a(lib_a-memmove.o)
 .comment       0x00000000       0x24 d:/altera/13.1/nios2eds/bin/gnu/h-i686-mingw32/bin/../lib/gcc/nios2-elf/4.7.3/../../../../../H-i686-mingw32/nios2-elf/lib\libc.a(lib_a-reallocr.o)
 .comment       0x00000000       0x24 d:/altera/13.1/nios2eds/bin/gnu/h-i686-mingw32/bin/../lib/gcc/nios2-elf/4.7.3/../../../../../H-i686-mingw32/nios2-elf/lib\libc.a(lib_a-sbrkr.o)
 .comment       0x00000000       0x24 d:/altera/13.1/nios2eds/bin/gnu/h-i686-mingw32/bin/../lib/gcc/nios2-elf/4.7.3/../../../../../H-i686-mingw32/nios2-elf/lib\libc.a(lib_a-wsetup.o)
 .comment       0x00000000       0x24 d:/altera/13.1/nios2eds/bin/gnu/h-i686-mingw32/bin/../lib/gcc/nios2-elf/4.7.3/../../../../../H-i686-mingw32/nios2-elf/lib\libc.a(lib_a-fflush.o)
 .comment       0x00000000       0x24 d:/altera/13.1/nios2eds/bin/gnu/h-i686-mingw32/bin/../lib/gcc/nios2-elf/4.7.3/../../../../../H-i686-mingw32/nios2-elf/lib\libc.a(lib_a-findfp.o)
 .comment       0x00000000       0x24 d:/altera/13.1/nios2eds/bin/gnu/h-i686-mingw32/bin/../lib/gcc/nios2-elf/4.7.3/../../../../../H-i686-mingw32/nios2-elf/lib\libc.a(lib_a-freer.o)
 .comment       0x00000000       0x24 d:/altera/13.1/nios2eds/bin/gnu/h-i686-mingw32/bin/../lib/gcc/nios2-elf/4.7.3/../../../../../H-i686-mingw32/nios2-elf/lib\libc.a(lib_a-fwalk.o)
 .comment       0x00000000       0x24 d:/altera/13.1/nios2eds/bin/gnu/h-i686-mingw32/bin/../lib/gcc/nios2-elf/4.7.3/../../../../../H-i686-mingw32/nios2-elf/lib\libc.a(lib_a-int_errno.o)
 .comment       0x00000000       0x24 d:/altera/13.1/nios2eds/bin/gnu/h-i686-mingw32/bin/../lib/gcc/nios2-elf/4.7.3/../../../../../H-i686-mingw32/nios2-elf/lib\libc.a(lib_a-makebuf.o)
 .comment       0x00000000       0x24 d:/altera/13.1/nios2eds/bin/gnu/h-i686-mingw32/bin/../lib/gcc/nios2-elf/4.7.3/../../../../../H-i686-mingw32/nios2-elf/lib\libc.a(lib_a-memset.o)
 .comment       0x00000000       0x24 d:/altera/13.1/nios2eds/bin/gnu/h-i686-mingw32/bin/../lib/gcc/nios2-elf/4.7.3/../../../../../H-i686-mingw32/nios2-elf/lib\libc.a(lib_a-stdio.o)
 .comment       0x00000000       0x24 d:/altera/13.1/nios2eds/bin/gnu/h-i686-mingw32/bin/../lib/gcc/nios2-elf/4.7.3/../../../../../H-i686-mingw32/nios2-elf/lib\libc.a(lib_a-writer.o)
 .comment       0x00000000       0x24 d:/altera/13.1/nios2eds/bin/gnu/h-i686-mingw32/bin/../lib/gcc/nios2-elf/4.7.3/../../../../../H-i686-mingw32/nios2-elf/lib\libc.a(lib_a-closer.o)
 .comment       0x00000000       0x24 d:/altera/13.1/nios2eds/bin/gnu/h-i686-mingw32/bin/../lib/gcc/nios2-elf/4.7.3/../../../../../H-i686-mingw32/nios2-elf/lib\libc.a(lib_a-fclose.o)
 .comment       0x00000000       0x24 d:/altera/13.1/nios2eds/bin/gnu/h-i686-mingw32/bin/../lib/gcc/nios2-elf/4.7.3/../../../../../H-i686-mingw32/nios2-elf/lib\libc.a(lib_a-fstatr.o)
 .comment       0x00000000       0x24 d:/altera/13.1/nios2eds/bin/gnu/h-i686-mingw32/bin/../lib/gcc/nios2-elf/4.7.3/../../../../../H-i686-mingw32/nios2-elf/lib\libc.a(lib_a-isattyr.o)
 .comment       0x00000000       0x24 d:/altera/13.1/nios2eds/bin/gnu/h-i686-mingw32/bin/../lib/gcc/nios2-elf/4.7.3/../../../../../H-i686-mingw32/nios2-elf/lib\libc.a(lib_a-lseekr.o)
 .comment       0x00000000       0x24 d:/altera/13.1/nios2eds/bin/gnu/h-i686-mingw32/bin/../lib/gcc/nios2-elf/4.7.3/../../../../../H-i686-mingw32/nios2-elf/lib\libc.a(lib_a-readr.o)
 .comment       0x00000000       0x24 ../FIR_bsp/\libhal_bsp.a(alt_close.o)
 .comment       0x00000000       0x24 ../FIR_bsp/\libhal_bsp.a(alt_dev.o)
 .comment       0x00000000       0x24 ../FIR_bsp/\libhal_bsp.a(alt_errno.o)
 .comment       0x00000000       0x24 ../FIR_bsp/\libhal_bsp.a(alt_fstat.o)
 .comment       0x00000000       0x24 ../FIR_bsp/\libhal_bsp.a(alt_isatty.o)
 .comment       0x00000000       0x24 ../FIR_bsp/\libhal_bsp.a(alt_load.o)
 .comment       0x00000000       0x24 ../FIR_bsp/\libhal_bsp.a(alt_lseek.o)
 .comment       0x00000000       0x24 ../FIR_bsp/\libhal_bsp.a(alt_main.o)
 .comment       0x00000000       0x24 ../FIR_bsp/\libhal_bsp.a(alt_malloc_lock.o)
 .comment       0x00000000       0x24 ../FIR_bsp/\libhal_bsp.a(alt_read.o)
 .comment       0x00000000       0x24 ../FIR_bsp/\libhal_bsp.a(alt_release_fd.o)
 .comment       0x00000000       0x24 ../FIR_bsp/\libhal_bsp.a(alt_sbrk.o)
 .comment       0x00000000       0x24 ../FIR_bsp/\libhal_bsp.a(alt_write.o)
 .comment       0x00000000       0x24 ../FIR_bsp/\libhal_bsp.a(alt_sys_init.o)
 .comment       0x00000000       0x24 ../FIR_bsp/\libhal_bsp.a(altera_avalon_jtag_uart_fd.o)
 .comment       0x00000000       0x24 ../FIR_bsp/\libhal_bsp.a(altera_avalon_jtag_uart_init.o)
 .comment       0x00000000       0x24 ../FIR_bsp/\libhal_bsp.a(altera_avalon_jtag_uart_ioctl.o)
 .comment       0x00000000       0x24 ../FIR_bsp/\libhal_bsp.a(altera_avalon_jtag_uart_read.o)
 .comment       0x00000000       0x24 ../FIR_bsp/\libhal_bsp.a(altera_avalon_jtag_uart_write.o)
 .comment       0x00000000       0x24 ../FIR_bsp/\libhal_bsp.a(altera_avalon_uart_fd.o)
 .comment       0x00000000       0x24 ../FIR_bsp/\libhal_bsp.a(altera_avalon_uart_init.o)
 .comment       0x00000000       0x24 ../FIR_bsp/\libhal_bsp.a(altera_avalon_uart_read.o)
 .comment       0x00000000       0x24 ../FIR_bsp/\libhal_bsp.a(altera_avalon_uart_write.o)
 .comment       0x00000000       0x24 ../FIR_bsp/\libhal_bsp.a(alt_alarm_start.o)
 .comment       0x00000000       0x24 ../FIR_bsp/\libhal_bsp.a(alt_dcache_flush_all.o)
 .comment       0x00000000       0x24 ../FIR_bsp/\libhal_bsp.a(alt_dev_llist_insert.o)
 .comment       0x00000000       0x24 ../FIR_bsp/\libhal_bsp.a(alt_do_ctors.o)
 .comment       0x00000000       0x24 ../FIR_bsp/\libhal_bsp.a(alt_do_dtors.o)
 .comment       0x00000000       0x24 ../FIR_bsp/\libhal_bsp.a(alt_icache_flush_all.o)
 .comment       0x00000000       0x24 ../FIR_bsp/\libhal_bsp.a(alt_iic.o)
 .comment       0x00000000       0x24 ../FIR_bsp/\libhal_bsp.a(alt_iic_isr_register.o)
 .comment       0x00000000       0x24 ../FIR_bsp/\libhal_bsp.a(alt_io_redirect.o)
 .comment       0x00000000       0x24 ../FIR_bsp/\libhal_bsp.a(alt_irq_handler.o)
 .comment       0x00000000       0x24 ../FIR_bsp/\libhal_bsp.a(alt_irq_vars.o)
 .comment       0x00000000       0x24 ../FIR_bsp/\libhal_bsp.a(alt_open.o)
 .comment       0x00000000       0x24 ../FIR_bsp/\libhal_bsp.a(alt_tick.o)
 .comment       0x00000000       0x24 ../FIR_bsp/\libhal_bsp.a(altera_nios2_qsys_irq.o)
 .comment       0x00000000       0x24 ../FIR_bsp/\libhal_bsp.a(alt_find_dev.o)
 .comment       0x00000000       0x24 ../FIR_bsp/\libhal_bsp.a(alt_find_file.o)
 .comment       0x00000000       0x24 ../FIR_bsp/\libhal_bsp.a(alt_get_fd.o)
 .comment       0x00000000       0x24 ../FIR_bsp/\libhal_bsp.a(alt_icache_flush.o)
 .comment       0x00000000       0x24 d:/altera/13.1/nios2eds/bin/gnu/h-i686-mingw32/bin/../lib/gcc/nios2-elf/4.7.3/../../../../../H-i686-mingw32/nios2-elf/lib\libc.a(lib_a-atexit.o)
 .comment       0x00000000       0x24 d:/altera/13.1/nios2eds/bin/gnu/h-i686-mingw32/bin/../lib/gcc/nios2-elf/4.7.3/../../../../../H-i686-mingw32/nios2-elf/lib\libc.a(lib_a-exit.o)
 .comment       0x00000000       0x24 d:/altera/13.1/nios2eds/bin/gnu/h-i686-mingw32/bin/../lib/gcc/nios2-elf/4.7.3/../../../../../H-i686-mingw32/nios2-elf/lib\libc.a(lib_a-memcmp.o)
 .comment       0x00000000       0x24 d:/altera/13.1/nios2eds/bin/gnu/h-i686-mingw32/bin/../lib/gcc/nios2-elf/4.7.3/../../../../../H-i686-mingw32/nios2-elf/lib\libc.a(lib_a-__atexit.o)
 .comment       0x00000000       0x24 d:/altera/13.1/nios2eds/bin/gnu/h-i686-mingw32/bin/../lib/gcc/nios2-elf/4.7.3/../../../../../H-i686-mingw32/nios2-elf/lib\libc.a(lib_a-__call_atexit.o)
 .comment       0x00000000       0x24 ../FIR_bsp/\libhal_bsp.a(alt_exit.o)

.debug
 *(.debug)

.line
 *(.line)

.debug_srcinfo
 *(.debug_srcinfo)

.debug_sfnames
 *(.debug_sfnames)

.debug_aranges  0x00000000      0x9b0
 *(.debug_aranges)
 .debug_aranges
                0x00000000       0x28 ../FIR_bsp//obj/HAL/src/crt0.o
 .debug_aranges
                0x00000028       0x20 obj/default/hello_world.o
 .debug_aranges
                0x00000048       0x20 d:/altera/13.1/nios2eds/bin/gnu/h-i686-mingw32/bin/../lib/gcc/nios2-elf/4.7.3/../../../../../H-i686-mingw32/nios2-elf/lib\libc.a(lib_a-puts.o)
 .debug_aranges
                0x00000068       0x20 d:/altera/13.1/nios2eds/bin/gnu/h-i686-mingw32/bin/../lib/gcc/nios2-elf/4.7.3/../../../../../H-i686-mingw32/nios2-elf/lib\libc.a(lib_a-strlen.o)
 .debug_aranges
                0x00000088       0x20 d:/altera/13.1/nios2eds/bin/gnu/h-i686-mingw32/bin/../lib/gcc/nios2-elf/4.7.3/../../../../../H-i686-mingw32/nios2-elf/lib\libc.a(lib_a-fvwrite.o)
 .debug_aranges
                0x000000a8       0x18 d:/altera/13.1/nios2eds/bin/gnu/h-i686-mingw32/bin/../lib/gcc/nios2-elf/4.7.3/../../../../../H-i686-mingw32/nios2-elf/lib\libc.a(lib_a-impure.o)
 .debug_aranges
                0x000000c0       0x20 d:/altera/13.1/nios2eds/bin/gnu/h-i686-mingw32/bin/../lib/gcc/nios2-elf/4.7.3/../../../../../H-i686-mingw32/nios2-elf/lib\libc.a(lib_a-mallocr.o)
 .debug_aranges
                0x000000e0       0x20 d:/altera/13.1/nios2eds/bin/gnu/h-i686-mingw32/bin/../lib/gcc/nios2-elf/4.7.3/../../../../../H-i686-mingw32/nios2-elf/lib\libc.a(lib_a-memchr.o)
 .debug_aranges
                0x00000100       0x20 d:/altera/13.1/nios2eds/bin/gnu/h-i686-mingw32/bin/../lib/gcc/nios2-elf/4.7.3/../../../../../H-i686-mingw32/nios2-elf/lib\libc.a(lib_a-memcpy.o)
 .debug_aranges
                0x00000120       0x20 d:/altera/13.1/nios2eds/bin/gnu/h-i686-mingw32/bin/../lib/gcc/nios2-elf/4.7.3/../../../../../H-i686-mingw32/nios2-elf/lib\libc.a(lib_a-memmove.o)
 .debug_aranges
                0x00000140       0x20 d:/altera/13.1/nios2eds/bin/gnu/h-i686-mingw32/bin/../lib/gcc/nios2-elf/4.7.3/../../../../../H-i686-mingw32/nios2-elf/lib\libc.a(lib_a-reallocr.o)
 .debug_aranges
                0x00000160       0x20 d:/altera/13.1/nios2eds/bin/gnu/h-i686-mingw32/bin/../lib/gcc/nios2-elf/4.7.3/../../../../../H-i686-mingw32/nios2-elf/lib\libc.a(lib_a-sbrkr.o)
 .debug_aranges
                0x00000180       0x20 d:/altera/13.1/nios2eds/bin/gnu/h-i686-mingw32/bin/../lib/gcc/nios2-elf/4.7.3/../../../../../H-i686-mingw32/nios2-elf/lib\libc.a(lib_a-wsetup.o)
 .debug_aranges
                0x000001a0       0x20 d:/altera/13.1/nios2eds/bin/gnu/h-i686-mingw32/bin/../lib/gcc/nios2-elf/4.7.3/../../../../../H-i686-mingw32/nios2-elf/lib\libc.a(lib_a-fflush.o)
 .debug_aranges
                0x000001c0       0x20 d:/altera/13.1/nios2eds/bin/gnu/h-i686-mingw32/bin/../lib/gcc/nios2-elf/4.7.3/../../../../../H-i686-mingw32/nios2-elf/lib\libc.a(lib_a-findfp.o)
 .debug_aranges
                0x000001e0       0x20 d:/altera/13.1/nios2eds/bin/gnu/h-i686-mingw32/bin/../lib/gcc/nios2-elf/4.7.3/../../../../../H-i686-mingw32/nios2-elf/lib\libc.a(lib_a-freer.o)
 .debug_aranges
                0x00000200       0x20 d:/altera/13.1/nios2eds/bin/gnu/h-i686-mingw32/bin/../lib/gcc/nios2-elf/4.7.3/../../../../../H-i686-mingw32/nios2-elf/lib\libc.a(lib_a-fwalk.o)
 .debug_aranges
                0x00000220       0x18 d:/altera/13.1/nios2eds/bin/gnu/h-i686-mingw32/bin/../lib/gcc/nios2-elf/4.7.3/../../../../../H-i686-mingw32/nios2-elf/lib\libc.a(lib_a-int_errno.o)
 .debug_aranges
                0x00000238       0x20 d:/altera/13.1/nios2eds/bin/gnu/h-i686-mingw32/bin/../lib/gcc/nios2-elf/4.7.3/../../../../../H-i686-mingw32/nios2-elf/lib\libc.a(lib_a-makebuf.o)
 .debug_aranges
                0x00000258       0x20 d:/altera/13.1/nios2eds/bin/gnu/h-i686-mingw32/bin/../lib/gcc/nios2-elf/4.7.3/../../../../../H-i686-mingw32/nios2-elf/lib\libc.a(lib_a-memset.o)
 .debug_aranges
                0x00000278       0x20 d:/altera/13.1/nios2eds/bin/gnu/h-i686-mingw32/bin/../lib/gcc/nios2-elf/4.7.3/../../../../../H-i686-mingw32/nios2-elf/lib\libc.a(lib_a-stdio.o)
 .debug_aranges
                0x00000298       0x20 d:/altera/13.1/nios2eds/bin/gnu/h-i686-mingw32/bin/../lib/gcc/nios2-elf/4.7.3/../../../../../H-i686-mingw32/nios2-elf/lib\libc.a(lib_a-writer.o)
 .debug_aranges
                0x000002b8       0x20 d:/altera/13.1/nios2eds/bin/gnu/h-i686-mingw32/bin/../lib/gcc/nios2-elf/4.7.3/../../../../../H-i686-mingw32/nios2-elf/lib\libc.a(lib_a-closer.o)
 .debug_aranges
                0x000002d8       0x20 d:/altera/13.1/nios2eds/bin/gnu/h-i686-mingw32/bin/../lib/gcc/nios2-elf/4.7.3/../../../../../H-i686-mingw32/nios2-elf/lib\libc.a(lib_a-fclose.o)
 .debug_aranges
                0x000002f8       0x20 d:/altera/13.1/nios2eds/bin/gnu/h-i686-mingw32/bin/../lib/gcc/nios2-elf/4.7.3/../../../../../H-i686-mingw32/nios2-elf/lib\libc.a(lib_a-fstatr.o)
 .debug_aranges
                0x00000318       0x20 d:/altera/13.1/nios2eds/bin/gnu/h-i686-mingw32/bin/../lib/gcc/nios2-elf/4.7.3/../../../../../H-i686-mingw32/nios2-elf/lib\libc.a(lib_a-isattyr.o)
 .debug_aranges
                0x00000338       0x20 d:/altera/13.1/nios2eds/bin/gnu/h-i686-mingw32/bin/../lib/gcc/nios2-elf/4.7.3/../../../../../H-i686-mingw32/nios2-elf/lib\libc.a(lib_a-lseekr.o)
 .debug_aranges
                0x00000358       0x20 d:/altera/13.1/nios2eds/bin/gnu/h-i686-mingw32/bin/../lib/gcc/nios2-elf/4.7.3/../../../../../H-i686-mingw32/nios2-elf/lib\libc.a(lib_a-readr.o)
 .debug_aranges
                0x00000378       0x20 ../FIR_bsp/\libhal_bsp.a(alt_close.o)
 .debug_aranges
                0x00000398       0x20 ../FIR_bsp/\libhal_bsp.a(alt_dev.o)
 .debug_aranges
                0x000003b8       0x18 ../FIR_bsp/\libhal_bsp.a(alt_errno.o)
 .debug_aranges
                0x000003d0       0x20 ../FIR_bsp/\libhal_bsp.a(alt_fstat.o)
 .debug_aranges
                0x000003f0       0x20 ../FIR_bsp/\libhal_bsp.a(alt_isatty.o)
 .debug_aranges
                0x00000410       0x20 ../FIR_bsp/\libhal_bsp.a(alt_load.o)
 .debug_aranges
                0x00000430       0x20 ../FIR_bsp/\libhal_bsp.a(alt_lseek.o)
 .debug_aranges
                0x00000450       0x20 ../FIR_bsp/\libhal_bsp.a(alt_main.o)
 .debug_aranges
                0x00000470       0x20 ../FIR_bsp/\libhal_bsp.a(alt_malloc_lock.o)
 .debug_aranges
                0x00000490       0x20 ../FIR_bsp/\libhal_bsp.a(alt_read.o)
 .debug_aranges
                0x000004b0       0x20 ../FIR_bsp/\libhal_bsp.a(alt_release_fd.o)
 .debug_aranges
                0x000004d0       0x20 ../FIR_bsp/\libhal_bsp.a(alt_sbrk.o)
 .debug_aranges
                0x000004f0       0x20 ../FIR_bsp/\libhal_bsp.a(alt_write.o)
 .debug_aranges
                0x00000510       0x20 ../FIR_bsp/\libhal_bsp.a(alt_sys_init.o)
 .debug_aranges
                0x00000530       0x20 ../FIR_bsp/\libhal_bsp.a(altera_avalon_jtag_uart_fd.o)
 .debug_aranges
                0x00000550       0x20 ../FIR_bsp/\libhal_bsp.a(altera_avalon_jtag_uart_init.o)
 .debug_aranges
                0x00000570       0x20 ../FIR_bsp/\libhal_bsp.a(altera_avalon_jtag_uart_ioctl.o)
 .debug_aranges
                0x00000590       0x20 ../FIR_bsp/\libhal_bsp.a(altera_avalon_jtag_uart_read.o)
 .debug_aranges
                0x000005b0       0x20 ../FIR_bsp/\libhal_bsp.a(altera_avalon_jtag_uart_write.o)
 .debug_aranges
                0x000005d0       0x20 ../FIR_bsp/\libhal_bsp.a(altera_avalon_uart_fd.o)
 .debug_aranges
                0x000005f0       0x20 ../FIR_bsp/\libhal_bsp.a(altera_avalon_uart_init.o)
 .debug_aranges
                0x00000610       0x20 ../FIR_bsp/\libhal_bsp.a(altera_avalon_uart_read.o)
 .debug_aranges
                0x00000630       0x20 ../FIR_bsp/\libhal_bsp.a(altera_avalon_uart_write.o)
 .debug_aranges
                0x00000650       0x20 ../FIR_bsp/\libhal_bsp.a(alt_alarm_start.o)
 .debug_aranges
                0x00000670       0x20 ../FIR_bsp/\libhal_bsp.a(alt_dcache_flush_all.o)
 .debug_aranges
                0x00000690       0x20 ../FIR_bsp/\libhal_bsp.a(alt_dev_llist_insert.o)
 .debug_aranges
                0x000006b0       0x20 ../FIR_bsp/\libhal_bsp.a(alt_do_ctors.o)
 .debug_aranges
                0x000006d0       0x20 ../FIR_bsp/\libhal_bsp.a(alt_do_dtors.o)
 .debug_aranges
                0x000006f0       0x20 ../FIR_bsp/\libhal_bsp.a(alt_icache_flush_all.o)
 .debug_aranges
                0x00000710       0x20 ../FIR_bsp/\libhal_bsp.a(alt_iic.o)
 .debug_aranges
                0x00000730       0x20 ../FIR_bsp/\libhal_bsp.a(alt_iic_isr_register.o)
 .debug_aranges
                0x00000750       0x20 ../FIR_bsp/\libhal_bsp.a(alt_io_redirect.o)
 .debug_aranges
                0x00000770       0x30 ../FIR_bsp/\libhal_bsp.a(alt_irq_entry.o)
 .debug_aranges
                0x000007a0       0x20 ../FIR_bsp/\libhal_bsp.a(alt_irq_handler.o)
 .debug_aranges
                0x000007c0       0x18 ../FIR_bsp/\libhal_bsp.a(alt_irq_vars.o)
 .debug_aranges
                0x000007d8       0x20 ../FIR_bsp/\libhal_bsp.a(alt_open.o)
 .debug_aranges
                0x000007f8       0x20 ../FIR_bsp/\libhal_bsp.a(alt_tick.o)
 .debug_aranges
                0x00000818       0x20 ../FIR_bsp/\libhal_bsp.a(altera_nios2_qsys_irq.o)
 .debug_aranges
                0x00000838       0x38 ../FIR_bsp/\libhal_bsp.a(alt_exception_entry.o)
 .debug_aranges
                0x00000870       0x20 ../FIR_bsp/\libhal_bsp.a(alt_find_dev.o)
 .debug_aranges
                0x00000890       0x20 ../FIR_bsp/\libhal_bsp.a(alt_find_file.o)
 .debug_aranges
                0x000008b0       0x20 ../FIR_bsp/\libhal_bsp.a(alt_get_fd.o)
 .debug_aranges
                0x000008d0       0x20 ../FIR_bsp/\libhal_bsp.a(alt_icache_flush.o)
 .debug_aranges
                0x000008f0       0x20 d:/altera/13.1/nios2eds/bin/gnu/h-i686-mingw32/bin/../lib/gcc/nios2-elf/4.7.3/../../../../../H-i686-mingw32/nios2-elf/lib\libc.a(lib_a-atexit.o)
 .debug_aranges
                0x00000910       0x20 d:/altera/13.1/nios2eds/bin/gnu/h-i686-mingw32/bin/../lib/gcc/nios2-elf/4.7.3/../../../../../H-i686-mingw32/nios2-elf/lib\libc.a(lib_a-exit.o)
 .debug_aranges
                0x00000930       0x20 d:/altera/13.1/nios2eds/bin/gnu/h-i686-mingw32/bin/../lib/gcc/nios2-elf/4.7.3/../../../../../H-i686-mingw32/nios2-elf/lib\libc.a(lib_a-memcmp.o)
 .debug_aranges
                0x00000950       0x20 d:/altera/13.1/nios2eds/bin/gnu/h-i686-mingw32/bin/../lib/gcc/nios2-elf/4.7.3/../../../../../H-i686-mingw32/nios2-elf/lib\libc.a(lib_a-__atexit.o)
 .debug_aranges
                0x00000970       0x20 d:/altera/13.1/nios2eds/bin/gnu/h-i686-mingw32/bin/../lib/gcc/nios2-elf/4.7.3/../../../../../H-i686-mingw32/nios2-elf/lib\libc.a(lib_a-__call_atexit.o)
 .debug_aranges
                0x00000990       0x20 ../FIR_bsp/\libhal_bsp.a(alt_exit.o)

.debug_pubnames
 *(.debug_pubnames)

.debug_info     0x00000000    0x1843f
 *(.debug_info .gnu.linkonce.wi.*)
 .debug_info    0x00000000       0x51 ../FIR_bsp//obj/HAL/src/crt0.o
 .debug_info    0x00000051       0x93 obj/default/hello_world.o
 .debug_info    0x000000e4      0xab7 d:/altera/13.1/nios2eds/bin/gnu/h-i686-mingw32/bin/../lib/gcc/nios2-elf/4.7.3/../../../../../H-i686-mingw32/nios2-elf/lib\libc.a(lib_a-puts.o)
 .debug_info    0x00000b9b       0xdf d:/altera/13.1/nios2eds/bin/gnu/h-i686-mingw32/bin/../lib/gcc/nios2-elf/4.7.3/../../../../../H-i686-mingw32/nios2-elf/lib\libc.a(lib_a-strlen.o)
 .debug_info    0x00000c7a      0xd05 d:/altera/13.1/nios2eds/bin/gnu/h-i686-mingw32/bin/../lib/gcc/nios2-elf/4.7.3/../../../../../H-i686-mingw32/nios2-elf/lib\libc.a(lib_a-fvwrite.o)
 .debug_info    0x0000197f      0x938 d:/altera/13.1/nios2eds/bin/gnu/h-i686-mingw32/bin/../lib/gcc/nios2-elf/4.7.3/../../../../../H-i686-mingw32/nios2-elf/lib\libc.a(lib_a-impure.o)
 .debug_info    0x000022b7      0xe44 d:/altera/13.1/nios2eds/bin/gnu/h-i686-mingw32/bin/../lib/gcc/nios2-elf/4.7.3/../../../../../H-i686-mingw32/nios2-elf/lib\libc.a(lib_a-mallocr.o)
 .debug_info    0x000030fb      0x13e d:/altera/13.1/nios2eds/bin/gnu/h-i686-mingw32/bin/../lib/gcc/nios2-elf/4.7.3/../../../../../H-i686-mingw32/nios2-elf/lib\libc.a(lib_a-memchr.o)
 .debug_info    0x00003239      0x10e d:/altera/13.1/nios2eds/bin/gnu/h-i686-mingw32/bin/../lib/gcc/nios2-elf/4.7.3/../../../../../H-i686-mingw32/nios2-elf/lib\libc.a(lib_a-memcpy.o)
 .debug_info    0x00003347      0x146 d:/altera/13.1/nios2eds/bin/gnu/h-i686-mingw32/bin/../lib/gcc/nios2-elf/4.7.3/../../../../../H-i686-mingw32/nios2-elf/lib\libc.a(lib_a-memmove.o)
 .debug_info    0x0000348d      0xd8e d:/altera/13.1/nios2eds/bin/gnu/h-i686-mingw32/bin/../lib/gcc/nios2-elf/4.7.3/../../../../../H-i686-mingw32/nios2-elf/lib\libc.a(lib_a-reallocr.o)
 .debug_info    0x0000421b      0x9a3 d:/altera/13.1/nios2eds/bin/gnu/h-i686-mingw32/bin/../lib/gcc/nios2-elf/4.7.3/../../../../../H-i686-mingw32/nios2-elf/lib\libc.a(lib_a-sbrkr.o)
 .debug_info    0x00004bbe      0x9d4 d:/altera/13.1/nios2eds/bin/gnu/h-i686-mingw32/bin/../lib/gcc/nios2-elf/4.7.3/../../../../../H-i686-mingw32/nios2-elf/lib\libc.a(lib_a-wsetup.o)
 .debug_info    0x00005592      0xad0 d:/altera/13.1/nios2eds/bin/gnu/h-i686-mingw32/bin/../lib/gcc/nios2-elf/4.7.3/../../../../../H-i686-mingw32/nios2-elf/lib\libc.a(lib_a-fflush.o)
 .debug_info    0x00006062      0xd6f d:/altera/13.1/nios2eds/bin/gnu/h-i686-mingw32/bin/../lib/gcc/nios2-elf/4.7.3/../../../../../H-i686-mingw32/nios2-elf/lib\libc.a(lib_a-findfp.o)
 .debug_info    0x00006dd1      0xcf9 d:/altera/13.1/nios2eds/bin/gnu/h-i686-mingw32/bin/../lib/gcc/nios2-elf/4.7.3/../../../../../H-i686-mingw32/nios2-elf/lib\libc.a(lib_a-freer.o)
 .debug_info    0x00007aca      0xb72 d:/altera/13.1/nios2eds/bin/gnu/h-i686-mingw32/bin/../lib/gcc/nios2-elf/4.7.3/../../../../../H-i686-mingw32/nios2-elf/lib\libc.a(lib_a-fwalk.o)
 .debug_info    0x0000863c       0x84 d:/altera/13.1/nios2eds/bin/gnu/h-i686-mingw32/bin/../lib/gcc/nios2-elf/4.7.3/../../../../../H-i686-mingw32/nios2-elf/lib\libc.a(lib_a-int_errno.o)
 .debug_info    0x000086c0      0xbc2 d:/altera/13.1/nios2eds/bin/gnu/h-i686-mingw32/bin/../lib/gcc/nios2-elf/4.7.3/../../../../../H-i686-mingw32/nios2-elf/lib\libc.a(lib_a-makebuf.o)
 .debug_info    0x00009282      0x117 d:/altera/13.1/nios2eds/bin/gnu/h-i686-mingw32/bin/../lib/gcc/nios2-elf/4.7.3/../../../../../H-i686-mingw32/nios2-elf/lib\libc.a(lib_a-memset.o)
 .debug_info    0x00009399      0xbfd d:/altera/13.1/nios2eds/bin/gnu/h-i686-mingw32/bin/../lib/gcc/nios2-elf/4.7.3/../../../../../H-i686-mingw32/nios2-elf/lib\libc.a(lib_a-stdio.o)
 .debug_info    0x00009f96      0x9d2 d:/altera/13.1/nios2eds/bin/gnu/h-i686-mingw32/bin/../lib/gcc/nios2-elf/4.7.3/../../../../../H-i686-mingw32/nios2-elf/lib\libc.a(lib_a-writer.o)
 .debug_info    0x0000a968      0x97f d:/altera/13.1/nios2eds/bin/gnu/h-i686-mingw32/bin/../lib/gcc/nios2-elf/4.7.3/../../../../../H-i686-mingw32/nios2-elf/lib\libc.a(lib_a-closer.o)
 .debug_info    0x0000b2e7      0xa97 d:/altera/13.1/nios2eds/bin/gnu/h-i686-mingw32/bin/../lib/gcc/nios2-elf/4.7.3/../../../../../H-i686-mingw32/nios2-elf/lib\libc.a(lib_a-fclose.o)
 .debug_info    0x0000bd7e      0xb2f d:/altera/13.1/nios2eds/bin/gnu/h-i686-mingw32/bin/../lib/gcc/nios2-elf/4.7.3/../../../../../H-i686-mingw32/nios2-elf/lib\libc.a(lib_a-fstatr.o)
 .debug_info    0x0000c8ad      0x97f d:/altera/13.1/nios2eds/bin/gnu/h-i686-mingw32/bin/../lib/gcc/nios2-elf/4.7.3/../../../../../H-i686-mingw32/nios2-elf/lib\libc.a(lib_a-isattyr.o)
 .debug_info    0x0000d22c      0x9cb d:/altera/13.1/nios2eds/bin/gnu/h-i686-mingw32/bin/../lib/gcc/nios2-elf/4.7.3/../../../../../H-i686-mingw32/nios2-elf/lib\libc.a(lib_a-lseekr.o)
 .debug_info    0x0000dbf7      0x9cb d:/altera/13.1/nios2eds/bin/gnu/h-i686-mingw32/bin/../lib/gcc/nios2-elf/4.7.3/../../../../../H-i686-mingw32/nios2-elf/lib\libc.a(lib_a-readr.o)
 .debug_info    0x0000e5c2      0x350 ../FIR_bsp/\libhal_bsp.a(alt_close.o)
 .debug_info    0x0000e912      0x4e3 ../FIR_bsp/\libhal_bsp.a(alt_dev.o)
 .debug_info    0x0000edf5       0xa3 ../FIR_bsp/\libhal_bsp.a(alt_errno.o)
 .debug_info    0x0000ee98      0x4d8 ../FIR_bsp/\libhal_bsp.a(alt_fstat.o)
 .debug_info    0x0000f370      0x4db ../FIR_bsp/\libhal_bsp.a(alt_isatty.o)
 .debug_info    0x0000f84b      0x135 ../FIR_bsp/\libhal_bsp.a(alt_load.o)
 .debug_info    0x0000f980      0x381 ../FIR_bsp/\libhal_bsp.a(alt_lseek.o)
 .debug_info    0x0000fd01      0x139 ../FIR_bsp/\libhal_bsp.a(alt_main.o)
 .debug_info    0x0000fe3a      0x950 ../FIR_bsp/\libhal_bsp.a(alt_malloc_lock.o)
 .debug_info    0x0001078a      0x500 ../FIR_bsp/\libhal_bsp.a(alt_read.o)
 .debug_info    0x00010c8a      0x2dd ../FIR_bsp/\libhal_bsp.a(alt_release_fd.o)
 .debug_info    0x00010f67      0x1b2 ../FIR_bsp/\libhal_bsp.a(alt_sbrk.o)
 .debug_info    0x00011119      0x507 ../FIR_bsp/\libhal_bsp.a(alt_write.o)
 .debug_info    0x00011620      0x60a ../FIR_bsp/\libhal_bsp.a(alt_sys_init.o)
 .debug_info    0x00011c2a      0x58a ../FIR_bsp/\libhal_bsp.a(altera_avalon_jtag_uart_fd.o)
 .debug_info    0x000121b4      0x3d8 ../FIR_bsp/\libhal_bsp.a(altera_avalon_jtag_uart_init.o)
 .debug_info    0x0001258c      0x2a9 ../FIR_bsp/\libhal_bsp.a(altera_avalon_jtag_uart_ioctl.o)
 .debug_info    0x00012835      0x371 ../FIR_bsp/\libhal_bsp.a(altera_avalon_jtag_uart_read.o)
 .debug_info    0x00012ba6      0x36c ../FIR_bsp/\libhal_bsp.a(altera_avalon_jtag_uart_write.o)
 .debug_info    0x00012f12      0x481 ../FIR_bsp/\libhal_bsp.a(altera_avalon_uart_fd.o)
 .debug_info    0x00013393      0x356 ../FIR_bsp/\libhal_bsp.a(altera_avalon_uart_init.o)
 .debug_info    0x000136e9      0x33f ../FIR_bsp/\libhal_bsp.a(altera_avalon_uart_read.o)
 .debug_info    0x00013a28      0x336 ../FIR_bsp/\libhal_bsp.a(altera_avalon_uart_write.o)
 .debug_info    0x00013d5e      0x2e4 ../FIR_bsp/\libhal_bsp.a(alt_alarm_start.o)
 .debug_info    0x00014042       0xa3 ../FIR_bsp/\libhal_bsp.a(alt_dcache_flush_all.o)
 .debug_info    0x000140e5      0x1b9 ../FIR_bsp/\libhal_bsp.a(alt_dev_llist_insert.o)
 .debug_info    0x0001429e       0x8d ../FIR_bsp/\libhal_bsp.a(alt_do_ctors.o)
 .debug_info    0x0001432b       0x8d ../FIR_bsp/\libhal_bsp.a(alt_do_dtors.o)
 .debug_info    0x000143b8       0x90 ../FIR_bsp/\libhal_bsp.a(alt_icache_flush_all.o)
 .debug_info    0x00014448      0x364 ../FIR_bsp/\libhal_bsp.a(alt_iic.o)
 .debug_info    0x000147ac      0x1f6 ../FIR_bsp/\libhal_bsp.a(alt_iic_isr_register.o)
 .debug_info    0x000149a2      0x4f0 ../FIR_bsp/\libhal_bsp.a(alt_io_redirect.o)
 .debug_info    0x00014e92       0x5a ../FIR_bsp/\libhal_bsp.a(alt_irq_entry.o)
 .debug_info    0x00014eec      0x190 ../FIR_bsp/\libhal_bsp.a(alt_irq_handler.o)
 .debug_info    0x0001507c       0x8a ../FIR_bsp/\libhal_bsp.a(alt_irq_vars.o)
 .debug_info    0x00015106      0x3f0 ../FIR_bsp/\libhal_bsp.a(alt_open.o)
 .debug_info    0x000154f6      0x2b1 ../FIR_bsp/\libhal_bsp.a(alt_tick.o)
 .debug_info    0x000157a7       0x90 ../FIR_bsp/\libhal_bsp.a(altera_nios2_qsys_irq.o)
 .debug_info    0x00015837       0x60 ../FIR_bsp/\libhal_bsp.a(alt_exception_entry.o)
 .debug_info    0x00015897      0x30d ../FIR_bsp/\libhal_bsp.a(alt_find_dev.o)
 .debug_info    0x00015ba4      0x30c ../FIR_bsp/\libhal_bsp.a(alt_find_file.o)
 .debug_info    0x00015eb0      0x339 ../FIR_bsp/\libhal_bsp.a(alt_get_fd.o)
 .debug_info    0x000161e9       0xda ../FIR_bsp/\libhal_bsp.a(alt_icache_flush.o)
 .debug_info    0x000162c3      0x1e6 d:/altera/13.1/nios2eds/bin/gnu/h-i686-mingw32/bin/../lib/gcc/nios2-elf/4.7.3/../../../../../H-i686-mingw32/nios2-elf/lib\libc.a(lib_a-atexit.o)
 .debug_info    0x000164a9      0x993 d:/altera/13.1/nios2eds/bin/gnu/h-i686-mingw32/bin/../lib/gcc/nios2-elf/4.7.3/../../../../../H-i686-mingw32/nios2-elf/lib\libc.a(lib_a-exit.o)
 .debug_info    0x00016e3c      0x117 d:/altera/13.1/nios2eds/bin/gnu/h-i686-mingw32/bin/../lib/gcc/nios2-elf/4.7.3/../../../../../H-i686-mingw32/nios2-elf/lib\libc.a(lib_a-memcmp.o)
 .debug_info    0x00016f53      0x9f9 d:/altera/13.1/nios2eds/bin/gnu/h-i686-mingw32/bin/../lib/gcc/nios2-elf/4.7.3/../../../../../H-i686-mingw32/nios2-elf/lib\libc.a(lib_a-__atexit.o)
 .debug_info    0x0001794c      0xa07 d:/altera/13.1/nios2eds/bin/gnu/h-i686-mingw32/bin/../lib/gcc/nios2-elf/4.7.3/../../../../../H-i686-mingw32/nios2-elf/lib\libc.a(lib_a-__call_atexit.o)
 .debug_info    0x00018353       0xec ../FIR_bsp/\libhal_bsp.a(alt_exit.o)

.debug_abbrev   0x00000000     0x5f33
 *(.debug_abbrev)
 .debug_abbrev  0x00000000       0x12 ../FIR_bsp//obj/HAL/src/crt0.o
 .debug_abbrev  0x00000012       0x42 obj/default/hello_world.o
 .debug_abbrev  0x00000054      0x208 d:/altera/13.1/nios2eds/bin/gnu/h-i686-mingw32/bin/../lib/gcc/nios2-elf/4.7.3/../../../../../H-i686-mingw32/nios2-elf/lib\libc.a(lib_a-puts.o)
 .debug_abbrev  0x0000025c       0x90 d:/altera/13.1/nios2eds/bin/gnu/h-i686-mingw32/bin/../lib/gcc/nios2-elf/4.7.3/../../../../../H-i686-mingw32/nios2-elf/lib\libc.a(lib_a-strlen.o)
 .debug_abbrev  0x000002ec      0x234 d:/altera/13.1/nios2eds/bin/gnu/h-i686-mingw32/bin/../lib/gcc/nios2-elf/4.7.3/../../../../../H-i686-mingw32/nios2-elf/lib\libc.a(lib_a-fvwrite.o)
 .debug_abbrev  0x00000520      0x162 d:/altera/13.1/nios2eds/bin/gnu/h-i686-mingw32/bin/../lib/gcc/nios2-elf/4.7.3/../../../../../H-i686-mingw32/nios2-elf/lib\libc.a(lib_a-impure.o)
 .debug_abbrev  0x00000682      0x284 d:/altera/13.1/nios2eds/bin/gnu/h-i686-mingw32/bin/../lib/gcc/nios2-elf/4.7.3/../../../../../H-i686-mingw32/nios2-elf/lib\libc.a(lib_a-mallocr.o)
 .debug_abbrev  0x00000906       0xab d:/altera/13.1/nios2eds/bin/gnu/h-i686-mingw32/bin/../lib/gcc/nios2-elf/4.7.3/../../../../../H-i686-mingw32/nios2-elf/lib\libc.a(lib_a-memchr.o)
 .debug_abbrev  0x000009b1       0x9c d:/altera/13.1/nios2eds/bin/gnu/h-i686-mingw32/bin/../lib/gcc/nios2-elf/4.7.3/../../../../../H-i686-mingw32/nios2-elf/lib\libc.a(lib_a-memcpy.o)
 .debug_abbrev  0x00000a4d       0x9c d:/altera/13.1/nios2eds/bin/gnu/h-i686-mingw32/bin/../lib/gcc/nios2-elf/4.7.3/../../../../../H-i686-mingw32/nios2-elf/lib\libc.a(lib_a-memmove.o)
 .debug_abbrev  0x00000ae9      0x242 d:/altera/13.1/nios2eds/bin/gnu/h-i686-mingw32/bin/../lib/gcc/nios2-elf/4.7.3/../../../../../H-i686-mingw32/nios2-elf/lib\libc.a(lib_a-reallocr.o)
 .debug_abbrev  0x00000d2b      0x1df d:/altera/13.1/nios2eds/bin/gnu/h-i686-mingw32/bin/../lib/gcc/nios2-elf/4.7.3/../../../../../H-i686-mingw32/nios2-elf/lib\libc.a(lib_a-sbrkr.o)
 .debug_abbrev  0x00000f0a      0x1d5 d:/altera/13.1/nios2eds/bin/gnu/h-i686-mingw32/bin/../lib/gcc/nios2-elf/4.7.3/../../../../../H-i686-mingw32/nios2-elf/lib\libc.a(lib_a-wsetup.o)
 .debug_abbrev  0x000010df      0x259 d:/altera/13.1/nios2eds/bin/gnu/h-i686-mingw32/bin/../lib/gcc/nios2-elf/4.7.3/../../../../../H-i686-mingw32/nios2-elf/lib\libc.a(lib_a-fflush.o)
 .debug_abbrev  0x00001338      0x317 d:/altera/13.1/nios2eds/bin/gnu/h-i686-mingw32/bin/../lib/gcc/nios2-elf/4.7.3/../../../../../H-i686-mingw32/nios2-elf/lib\libc.a(lib_a-findfp.o)
 .debug_abbrev  0x0000164f      0x25d d:/altera/13.1/nios2eds/bin/gnu/h-i686-mingw32/bin/../lib/gcc/nios2-elf/4.7.3/../../../../../H-i686-mingw32/nios2-elf/lib\libc.a(lib_a-freer.o)
 .debug_abbrev  0x000018ac      0x224 d:/altera/13.1/nios2eds/bin/gnu/h-i686-mingw32/bin/../lib/gcc/nios2-elf/4.7.3/../../../../../H-i686-mingw32/nios2-elf/lib\libc.a(lib_a-fwalk.o)
 .debug_abbrev  0x00001ad0       0x37 d:/altera/13.1/nios2eds/bin/gnu/h-i686-mingw32/bin/../lib/gcc/nios2-elf/4.7.3/../../../../../H-i686-mingw32/nios2-elf/lib\libc.a(lib_a-int_errno.o)
 .debug_abbrev  0x00001b07      0x1e8 d:/altera/13.1/nios2eds/bin/gnu/h-i686-mingw32/bin/../lib/gcc/nios2-elf/4.7.3/../../../../../H-i686-mingw32/nios2-elf/lib\libc.a(lib_a-makebuf.o)
 .debug_abbrev  0x00001cef       0xac d:/altera/13.1/nios2eds/bin/gnu/h-i686-mingw32/bin/../lib/gcc/nios2-elf/4.7.3/../../../../../H-i686-mingw32/nios2-elf/lib\libc.a(lib_a-memset.o)
 .debug_abbrev  0x00001d9b      0x226 d:/altera/13.1/nios2eds/bin/gnu/h-i686-mingw32/bin/../lib/gcc/nios2-elf/4.7.3/../../../../../H-i686-mingw32/nios2-elf/lib\libc.a(lib_a-stdio.o)
 .debug_abbrev  0x00001fc1      0x1c0 d:/altera/13.1/nios2eds/bin/gnu/h-i686-mingw32/bin/../lib/gcc/nios2-elf/4.7.3/../../../../../H-i686-mingw32/nios2-elf/lib\libc.a(lib_a-writer.o)
 .debug_abbrev  0x00002181      0x1bb d:/altera/13.1/nios2eds/bin/gnu/h-i686-mingw32/bin/../lib/gcc/nios2-elf/4.7.3/../../../../../H-i686-mingw32/nios2-elf/lib\libc.a(lib_a-closer.o)
 .debug_abbrev  0x0000233c      0x24e d:/altera/13.1/nios2eds/bin/gnu/h-i686-mingw32/bin/../lib/gcc/nios2-elf/4.7.3/../../../../../H-i686-mingw32/nios2-elf/lib\libc.a(lib_a-fclose.o)
 .debug_abbrev  0x0000258a      0x1ca d:/altera/13.1/nios2eds/bin/gnu/h-i686-mingw32/bin/../lib/gcc/nios2-elf/4.7.3/../../../../../H-i686-mingw32/nios2-elf/lib\libc.a(lib_a-fstatr.o)
 .debug_abbrev  0x00002754      0x1bb d:/altera/13.1/nios2eds/bin/gnu/h-i686-mingw32/bin/../lib/gcc/nios2-elf/4.7.3/../../../../../H-i686-mingw32/nios2-elf/lib\libc.a(lib_a-isattyr.o)
 .debug_abbrev  0x0000290f      0x1ca d:/altera/13.1/nios2eds/bin/gnu/h-i686-mingw32/bin/../lib/gcc/nios2-elf/4.7.3/../../../../../H-i686-mingw32/nios2-elf/lib\libc.a(lib_a-lseekr.o)
 .debug_abbrev  0x00002ad9      0x1bb d:/altera/13.1/nios2eds/bin/gnu/h-i686-mingw32/bin/../lib/gcc/nios2-elf/4.7.3/../../../../../H-i686-mingw32/nios2-elf/lib\libc.a(lib_a-readr.o)
 .debug_abbrev  0x00002c94      0x11f ../FIR_bsp/\libhal_bsp.a(alt_close.o)
 .debug_abbrev  0x00002db3       0xd9 ../FIR_bsp/\libhal_bsp.a(alt_dev.o)
 .debug_abbrev  0x00002e8c       0x5a ../FIR_bsp/\libhal_bsp.a(alt_errno.o)
 .debug_abbrev  0x00002ee6      0x11f ../FIR_bsp/\libhal_bsp.a(alt_fstat.o)
 .debug_abbrev  0x00003005      0x11f ../FIR_bsp/\libhal_bsp.a(alt_isatty.o)
 .debug_abbrev  0x00003124       0x9d ../FIR_bsp/\libhal_bsp.a(alt_load.o)
 .debug_abbrev  0x000031c1      0x11f ../FIR_bsp/\libhal_bsp.a(alt_lseek.o)
 .debug_abbrev  0x000032e0       0xba ../FIR_bsp/\libhal_bsp.a(alt_main.o)
 .debug_abbrev  0x0000339a      0x187 ../FIR_bsp/\libhal_bsp.a(alt_malloc_lock.o)
 .debug_abbrev  0x00003521      0x12e ../FIR_bsp/\libhal_bsp.a(alt_read.o)
 .debug_abbrev  0x0000364f       0xde ../FIR_bsp/\libhal_bsp.a(alt_release_fd.o)
 .debug_abbrev  0x0000372d      0x112 ../FIR_bsp/\libhal_bsp.a(alt_sbrk.o)
 .debug_abbrev  0x0000383f      0x133 ../FIR_bsp/\libhal_bsp.a(alt_write.o)
 .debug_abbrev  0x00003972      0x17f ../FIR_bsp/\libhal_bsp.a(alt_sys_init.o)
 .debug_abbrev  0x00003af1      0x118 ../FIR_bsp/\libhal_bsp.a(altera_avalon_jtag_uart_fd.o)
 .debug_abbrev  0x00003c09      0x18f ../FIR_bsp/\libhal_bsp.a(altera_avalon_jtag_uart_init.o)
 .debug_abbrev  0x00003d98      0x102 ../FIR_bsp/\libhal_bsp.a(altera_avalon_jtag_uart_ioctl.o)
 .debug_abbrev  0x00003e9a      0x19b ../FIR_bsp/\libhal_bsp.a(altera_avalon_jtag_uart_read.o)
 .debug_abbrev  0x00004035      0x199 ../FIR_bsp/\libhal_bsp.a(altera_avalon_jtag_uart_write.o)
 .debug_abbrev  0x000041ce      0x109 ../FIR_bsp/\libhal_bsp.a(altera_avalon_uart_fd.o)
 .debug_abbrev  0x000042d7      0x178 ../FIR_bsp/\libhal_bsp.a(altera_avalon_uart_init.o)
 .debug_abbrev  0x0000444f      0x183 ../FIR_bsp/\libhal_bsp.a(altera_avalon_uart_read.o)
 .debug_abbrev  0x000045d2      0x18a ../FIR_bsp/\libhal_bsp.a(altera_avalon_uart_write.o)
 .debug_abbrev  0x0000475c      0x162 ../FIR_bsp/\libhal_bsp.a(alt_alarm_start.o)
 .debug_abbrev  0x000048be       0x5a ../FIR_bsp/\libhal_bsp.a(alt_dcache_flush_all.o)
 .debug_abbrev  0x00004918      0x114 ../FIR_bsp/\libhal_bsp.a(alt_dev_llist_insert.o)
 .debug_abbrev  0x00004a2c       0x79 ../FIR_bsp/\libhal_bsp.a(alt_do_ctors.o)
 .debug_abbrev  0x00004aa5       0x79 ../FIR_bsp/\libhal_bsp.a(alt_do_dtors.o)
 .debug_abbrev  0x00004b1e       0x42 ../FIR_bsp/\libhal_bsp.a(alt_icache_flush_all.o)
 .debug_abbrev  0x00004b60      0x16a ../FIR_bsp/\libhal_bsp.a(alt_iic.o)
 .debug_abbrev  0x00004cca      0x169 ../FIR_bsp/\libhal_bsp.a(alt_iic_isr_register.o)
 .debug_abbrev  0x00004e33      0x114 ../FIR_bsp/\libhal_bsp.a(alt_io_redirect.o)
 .debug_abbrev  0x00004f47       0x12 ../FIR_bsp/\libhal_bsp.a(alt_irq_entry.o)
 .debug_abbrev  0x00004f59      0x124 ../FIR_bsp/\libhal_bsp.a(alt_irq_handler.o)
 .debug_abbrev  0x0000507d       0x40 ../FIR_bsp/\libhal_bsp.a(alt_irq_vars.o)
 .debug_abbrev  0x000050bd      0x148 ../FIR_bsp/\libhal_bsp.a(alt_open.o)
 .debug_abbrev  0x00005205      0x15a ../FIR_bsp/\libhal_bsp.a(alt_tick.o)
 .debug_abbrev  0x0000535f       0x42 ../FIR_bsp/\libhal_bsp.a(altera_nios2_qsys_irq.o)
 .debug_abbrev  0x000053a1       0x12 ../FIR_bsp/\libhal_bsp.a(alt_exception_entry.o)
 .debug_abbrev  0x000053b3       0xf0 ../FIR_bsp/\libhal_bsp.a(alt_find_dev.o)
 .debug_abbrev  0x000054a3       0xf0 ../FIR_bsp/\libhal_bsp.a(alt_find_file.o)
 .debug_abbrev  0x00005593      0x10d ../FIR_bsp/\libhal_bsp.a(alt_get_fd.o)
 .debug_abbrev  0x000056a0       0x8c ../FIR_bsp/\libhal_bsp.a(alt_icache_flush.o)
 .debug_abbrev  0x0000572c      0x106 d:/altera/13.1/nios2eds/bin/gnu/h-i686-mingw32/bin/../lib/gcc/nios2-elf/4.7.3/../../../../../H-i686-mingw32/nios2-elf/lib\libc.a(lib_a-atexit.o)
 .debug_abbrev  0x00005832      0x1c8 d:/altera/13.1/nios2eds/bin/gnu/h-i686-mingw32/bin/../lib/gcc/nios2-elf/4.7.3/../../../../../H-i686-mingw32/nios2-elf/lib\libc.a(lib_a-exit.o)
 .debug_abbrev  0x000059fa       0x7f d:/altera/13.1/nios2eds/bin/gnu/h-i686-mingw32/bin/../lib/gcc/nios2-elf/4.7.3/../../../../../H-i686-mingw32/nios2-elf/lib\libc.a(lib_a-memcmp.o)
 .debug_abbrev  0x00005a79      0x211 d:/altera/13.1/nios2eds/bin/gnu/h-i686-mingw32/bin/../lib/gcc/nios2-elf/4.7.3/../../../../../H-i686-mingw32/nios2-elf/lib\libc.a(lib_a-__atexit.o)
 .debug_abbrev  0x00005c8a      0x203 d:/altera/13.1/nios2eds/bin/gnu/h-i686-mingw32/bin/../lib/gcc/nios2-elf/4.7.3/../../../../../H-i686-mingw32/nios2-elf/lib\libc.a(lib_a-__call_atexit.o)
 .debug_abbrev  0x00005e8d       0xa6 ../FIR_bsp/\libhal_bsp.a(alt_exit.o)

.debug_line     0x00000000     0x7052
 *(.debug_line)
 .debug_line    0x00000000       0x72 ../FIR_bsp//obj/HAL/src/crt0.o
 .debug_line    0x00000072       0x40 obj/default/hello_world.o
 .debug_line    0x000000b2      0x235 d:/altera/13.1/nios2eds/bin/gnu/h-i686-mingw32/bin/../lib/gcc/nios2-elf/4.7.3/../../../../../H-i686-mingw32/nios2-elf/lib\libc.a(lib_a-puts.o)
 .debug_line    0x000002e7      0x182 d:/altera/13.1/nios2eds/bin/gnu/h-i686-mingw32/bin/../lib/gcc/nios2-elf/4.7.3/../../../../../H-i686-mingw32/nios2-elf/lib\libc.a(lib_a-strlen.o)
 .debug_line    0x00000469      0x360 d:/altera/13.1/nios2eds/bin/gnu/h-i686-mingw32/bin/../lib/gcc/nios2-elf/4.7.3/../../../../../H-i686-mingw32/nios2-elf/lib\libc.a(lib_a-fvwrite.o)
 .debug_line    0x000007c9      0x173 d:/altera/13.1/nios2eds/bin/gnu/h-i686-mingw32/bin/../lib/gcc/nios2-elf/4.7.3/../../../../../H-i686-mingw32/nios2-elf/lib\libc.a(lib_a-impure.o)
 .debug_line    0x0000093c      0x421 d:/altera/13.1/nios2eds/bin/gnu/h-i686-mingw32/bin/../lib/gcc/nios2-elf/4.7.3/../../../../../H-i686-mingw32/nios2-elf/lib\libc.a(lib_a-mallocr.o)
 .debug_line    0x00000d5d      0x1f1 d:/altera/13.1/nios2eds/bin/gnu/h-i686-mingw32/bin/../lib/gcc/nios2-elf/4.7.3/../../../../../H-i686-mingw32/nios2-elf/lib\libc.a(lib_a-memchr.o)
 .debug_line    0x00000f4e      0x13d d:/altera/13.1/nios2eds/bin/gnu/h-i686-mingw32/bin/../lib/gcc/nios2-elf/4.7.3/../../../../../H-i686-mingw32/nios2-elf/lib\libc.a(lib_a-memcpy.o)
 .debug_line    0x0000108b      0x1ed d:/altera/13.1/nios2eds/bin/gnu/h-i686-mingw32/bin/../lib/gcc/nios2-elf/4.7.3/../../../../../H-i686-mingw32/nios2-elf/lib\libc.a(lib_a-memmove.o)
 .debug_line    0x00001278      0x330 d:/altera/13.1/nios2eds/bin/gnu/h-i686-mingw32/bin/../lib/gcc/nios2-elf/4.7.3/../../../../../H-i686-mingw32/nios2-elf/lib\libc.a(lib_a-reallocr.o)
 .debug_line    0x000015a8      0x212 d:/altera/13.1/nios2eds/bin/gnu/h-i686-mingw32/bin/../lib/gcc/nios2-elf/4.7.3/../../../../../H-i686-mingw32/nios2-elf/lib\libc.a(lib_a-sbrkr.o)
 .debug_line    0x000017ba      0x26b d:/altera/13.1/nios2eds/bin/gnu/h-i686-mingw32/bin/../lib/gcc/nios2-elf/4.7.3/../../../../../H-i686-mingw32/nios2-elf/lib\libc.a(lib_a-wsetup.o)
 .debug_line    0x00001a25      0x29c d:/altera/13.1/nios2eds/bin/gnu/h-i686-mingw32/bin/../lib/gcc/nios2-elf/4.7.3/../../../../../H-i686-mingw32/nios2-elf/lib\libc.a(lib_a-fflush.o)
 .debug_line    0x00001cc1      0x2e6 d:/altera/13.1/nios2eds/bin/gnu/h-i686-mingw32/bin/../lib/gcc/nios2-elf/4.7.3/../../../../../H-i686-mingw32/nios2-elf/lib\libc.a(lib_a-findfp.o)
 .debug_line    0x00001fa7      0x311 d:/altera/13.1/nios2eds/bin/gnu/h-i686-mingw32/bin/../lib/gcc/nios2-elf/4.7.3/../../../../../H-i686-mingw32/nios2-elf/lib\libc.a(lib_a-freer.o)
 .debug_line    0x000022b8      0x259 d:/altera/13.1/nios2eds/bin/gnu/h-i686-mingw32/bin/../lib/gcc/nios2-elf/4.7.3/../../../../../H-i686-mingw32/nios2-elf/lib\libc.a(lib_a-fwalk.o)
 .debug_line    0x00002511       0x5d d:/altera/13.1/nios2eds/bin/gnu/h-i686-mingw32/bin/../lib/gcc/nios2-elf/4.7.3/../../../../../H-i686-mingw32/nios2-elf/lib\libc.a(lib_a-int_errno.o)
 .debug_line    0x0000256e      0x293 d:/altera/13.1/nios2eds/bin/gnu/h-i686-mingw32/bin/../lib/gcc/nios2-elf/4.7.3/../../../../../H-i686-mingw32/nios2-elf/lib\libc.a(lib_a-makebuf.o)
 .debug_line    0x00002801      0x1f1 d:/altera/13.1/nios2eds/bin/gnu/h-i686-mingw32/bin/../lib/gcc/nios2-elf/4.7.3/../../../../../H-i686-mingw32/nios2-elf/lib\libc.a(lib_a-memset.o)
 .debug_line    0x000029f2      0x245 d:/altera/13.1/nios2eds/bin/gnu/h-i686-mingw32/bin/../lib/gcc/nios2-elf/4.7.3/../../../../../H-i686-mingw32/nios2-elf/lib\libc.a(lib_a-stdio.o)
 .debug_line    0x00002c37      0x213 d:/altera/13.1/nios2eds/bin/gnu/h-i686-mingw32/bin/../lib/gcc/nios2-elf/4.7.3/../../../../../H-i686-mingw32/nios2-elf/lib\libc.a(lib_a-writer.o)
 .debug_line    0x00002e4a      0x213 d:/altera/13.1/nios2eds/bin/gnu/h-i686-mingw32/bin/../lib/gcc/nios2-elf/4.7.3/../../../../../H-i686-mingw32/nios2-elf/lib\libc.a(lib_a-closer.o)
 .debug_line    0x0000305d      0x266 d:/altera/13.1/nios2eds/bin/gnu/h-i686-mingw32/bin/../lib/gcc/nios2-elf/4.7.3/../../../../../H-i686-mingw32/nios2-elf/lib\libc.a(lib_a-fclose.o)
 .debug_line    0x000032c3      0x21c d:/altera/13.1/nios2eds/bin/gnu/h-i686-mingw32/bin/../lib/gcc/nios2-elf/4.7.3/../../../../../H-i686-mingw32/nios2-elf/lib\libc.a(lib_a-fstatr.o)
 .debug_line    0x000034df      0x214 d:/altera/13.1/nios2eds/bin/gnu/h-i686-mingw32/bin/../lib/gcc/nios2-elf/4.7.3/../../../../../H-i686-mingw32/nios2-elf/lib\libc.a(lib_a-isattyr.o)
 .debug_line    0x000036f3      0x21e d:/altera/13.1/nios2eds/bin/gnu/h-i686-mingw32/bin/../lib/gcc/nios2-elf/4.7.3/../../../../../H-i686-mingw32/nios2-elf/lib\libc.a(lib_a-lseekr.o)
 .debug_line    0x00003911      0x212 d:/altera/13.1/nios2eds/bin/gnu/h-i686-mingw32/bin/../lib/gcc/nios2-elf/4.7.3/../../../../../H-i686-mingw32/nios2-elf/lib\libc.a(lib_a-readr.o)
 .debug_line    0x00003b23      0x186 ../FIR_bsp/\libhal_bsp.a(alt_close.o)
 .debug_line    0x00003ca9      0x119 ../FIR_bsp/\libhal_bsp.a(alt_dev.o)
 .debug_line    0x00003dc2       0x51 ../FIR_bsp/\libhal_bsp.a(alt_errno.o)
 .debug_line    0x00003e13      0x180 ../FIR_bsp/\libhal_bsp.a(alt_fstat.o)
 .debug_line    0x00003f93      0x180 ../FIR_bsp/\libhal_bsp.a(alt_isatty.o)
 .debug_line    0x00004113       0x92 ../FIR_bsp/\libhal_bsp.a(alt_load.o)
 .debug_line    0x000041a5      0x184 ../FIR_bsp/\libhal_bsp.a(alt_lseek.o)
 .debug_line    0x00004329       0xa4 ../FIR_bsp/\libhal_bsp.a(alt_main.o)
 .debug_line    0x000043cd      0x13f ../FIR_bsp/\libhal_bsp.a(alt_malloc_lock.o)
 .debug_line    0x0000450c      0x1f9 ../FIR_bsp/\libhal_bsp.a(alt_read.o)
 .debug_line    0x00004705       0xae ../FIR_bsp/\libhal_bsp.a(alt_release_fd.o)
 .debug_line    0x000047b3      0x114 ../FIR_bsp/\libhal_bsp.a(alt_sbrk.o)
 .debug_line    0x000048c7      0x1f8 ../FIR_bsp/\libhal_bsp.a(alt_write.o)
 .debug_line    0x00004abf      0x16c ../FIR_bsp/\libhal_bsp.a(alt_sys_init.o)
 .debug_line    0x00004c2b      0x131 ../FIR_bsp/\libhal_bsp.a(altera_avalon_jtag_uart_fd.o)
 .debug_line    0x00004d5c      0x199 ../FIR_bsp/\libhal_bsp.a(altera_avalon_jtag_uart_init.o)
 .debug_line    0x00004ef5      0x129 ../FIR_bsp/\libhal_bsp.a(altera_avalon_jtag_uart_ioctl.o)
 .debug_line    0x0000501e      0x174 ../FIR_bsp/\libhal_bsp.a(altera_avalon_jtag_uart_read.o)
 .debug_line    0x00005192      0x173 ../FIR_bsp/\libhal_bsp.a(altera_avalon_jtag_uart_write.o)
 .debug_line    0x00005305       0xf0 ../FIR_bsp/\libhal_bsp.a(altera_avalon_uart_fd.o)
 .debug_line    0x000053f5      0x182 ../FIR_bsp/\libhal_bsp.a(altera_avalon_uart_init.o)
 .debug_line    0x00005577      0x188 ../FIR_bsp/\libhal_bsp.a(altera_avalon_uart_read.o)
 .debug_line    0x000056ff      0x166 ../FIR_bsp/\libhal_bsp.a(altera_avalon_uart_write.o)
 .debug_line    0x00005865       0xfa ../FIR_bsp/\libhal_bsp.a(alt_alarm_start.o)
 .debug_line    0x0000595f       0x61 ../FIR_bsp/\libhal_bsp.a(alt_dcache_flush_all.o)
 .debug_line    0x000059c0       0xd0 ../FIR_bsp/\libhal_bsp.a(alt_dev_llist_insert.o)
 .debug_line    0x00005a90       0x59 ../FIR_bsp/\libhal_bsp.a(alt_do_ctors.o)
 .debug_line    0x00005ae9       0x59 ../FIR_bsp/\libhal_bsp.a(alt_do_dtors.o)
 .debug_line    0x00005b42       0x50 ../FIR_bsp/\libhal_bsp.a(alt_icache_flush_all.o)
 .debug_line    0x00005b92       0xed ../FIR_bsp/\libhal_bsp.a(alt_iic.o)
 .debug_line    0x00005c7f       0xdb ../FIR_bsp/\libhal_bsp.a(alt_iic_isr_register.o)
 .debug_line    0x00005d5a      0x154 ../FIR_bsp/\libhal_bsp.a(alt_io_redirect.o)
 .debug_line    0x00005eae       0x6b ../FIR_bsp/\libhal_bsp.a(alt_irq_entry.o)
 .debug_line    0x00005f19       0xae ../FIR_bsp/\libhal_bsp.a(alt_irq_handler.o)
 .debug_line    0x00005fc7       0x50 ../FIR_bsp/\libhal_bsp.a(alt_irq_vars.o)
 .debug_line    0x00006017      0x125 ../FIR_bsp/\libhal_bsp.a(alt_open.o)
 .debug_line    0x0000613c      0x102 ../FIR_bsp/\libhal_bsp.a(alt_tick.o)
 .debug_line    0x0000623e       0x51 ../FIR_bsp/\libhal_bsp.a(altera_nios2_qsys_irq.o)
 .debug_line    0x0000628f       0xab ../FIR_bsp/\libhal_bsp.a(alt_exception_entry.o)
 .debug_line    0x0000633a       0xb9 ../FIR_bsp/\libhal_bsp.a(alt_find_dev.o)
 .debug_line    0x000063f3       0xd5 ../FIR_bsp/\libhal_bsp.a(alt_find_file.o)
 .debug_line    0x000064c8       0xd1 ../FIR_bsp/\libhal_bsp.a(alt_get_fd.o)
 .debug_line    0x00006599       0x81 ../FIR_bsp/\libhal_bsp.a(alt_icache_flush.o)